			events=0 currentActionEvents=0
			actionQueue=( )
		>
		delegate=<KSAgentApp: 0x10041d390>
		serverInfoStore=<KSServerPrivateInfoStore:0x100318db0 path="/Users/Guest/Library/Google/GoogleSoftwareUpdate/Servers">
		errors=0
	>
Dec  6 08:09:14 epicodus-95 GoogleSoftwareUpdateAgent[424] <Notice>: 2016-12-06 08:09:14.837 GoogleSoftwareUpdateAgent[424/0x70000021d000] [lvl=2] -[KSAgentApp performSelfUpdateWithEngine:] Finished self update check.
Dec  6 08:09:14 epicodus-95 Dock[402] <Info>: [default] Using modern implementation for list: <CFString 0x7fff74428940 [0x7fff73256440]>{contents = "com.apple.LSSharedFileList.RecentApplications"}
Dec  6 08:09:14 epicodus-95 Dock[402] <Info>: LSSharedFileListCreate Using modern implementation for list: com.apple.LSSharedFileList.RecentApplications
Dec  6 08:09:14 epicodus-95 Dock[402] <Info>: [default] List identifier: <CFString 0x7fff74428940 [0x7fff73256440]>{contents = "com.apple.LSSharedFileList.RecentApplications"}
Dec  6 08:09:14 epicodus-95 Dock[402] <Info>: -[SFLListManager listWithIdentifier:] List identifier: com.apple.LSSharedFileList.RecentApplications
Dec  6 08:09:14 epicodus-95 Dock[402] <Info>: [default] Allocated list: <CFString 0x7fff74428940 [0x7fff73256440]>{contents = "com.apple.LSSharedFileList.RecentApplications"} : <SFLList: 0x7fdb137bd9c0>
Dec  6 08:09:14 epicodus-95 Dock[402] <Info>: __37-[SFLListManager listWithIdentifier:]_block_invoke Allocated list: com.apple.LSSharedFileList.RecentApplications : <SFLList: 0x7fdb137bd9c0>
Dec  6 08:09:14 epicodus-95 sharedfilelistd[397] <Info>: [default] <CFString 0x7fd838c1e550 [0x7fff73256440]>{contents = "com.apple.dock"}[402] subscribed to list <CFString 0x7fff7319ee00 [0x7fff73256440]>{contents = "com.apple.LSSharedFileList.RecentApplications"}
Dec  6 08:09:14 epicodus-95 sharedfilelistd[397] <Info>: -[ConnectedProcess(SFLServiceProtocol) subscribeToListWithIdentifier:reply:] com.apple.dock[402] subscribed to list com.apple.LSSharedFileList.RecentApplications
Dec  6 08:09:15 epicodus-95 sharedfilelistd[397] <Info>: [default] [<CFString 0x7fff7319ee00 [0x7fff73256440]>{contents = "com.apple.LSSharedFileList.RecentApplications"}] Reading list content from the store.
Dec  6 08:09:15 epicodus-95 sharedfilelistd[397] <Info>: __56-[ListStore readListWithConfiguration:properties:items:]_block_invoke [com.apple.LSSharedFileList.RecentApplications] Reading list content from the store.
Dec  6 08:09:15 epicodus-95 identityservicesd[348] <Info>: ApplePushService: <APSConnection: 0x7fa14050f240> Delivering connectionStatusChange from apsd: YES
Dec  6 08:09:15 epicodus-95 identityservicesd[348] <Info>: ApplePushService: <APSConnection: 0x7fa14050f240> seeing if delegate <IDSPushHandler: 0x7fa140519790> responds to status changes
Dec  6 08:09:15 epicodus-95 identityservicesd[348] <Info>: ApplePushService: <APSConnection: 0x7fa14050f240> calling <IDSPushHandler: 0x7fa140519790> didChangeConnectedStatus:
Dec  6 08:09:15 epicodus-95 identityservicesd[348] <Info>: ApplePushService: <APSConnection: 0x7fa14050f240> returned from <IDSPushHandler: 0x7fa140519790> didChangeConnectedStatus:
Dec  6 08:09:15 epicodus-95 cloudd[386] <Info>: ApplePushService: <APSConnection: 0x7f9b53408c60> Delivering connectionStatusChange from apsd: YES
Dec  6 08:09:15 epicodus-95 identityservicesd[348] <Info>: ApplePushService: <APSConnection: 0x7fa140737700> Delivering connectionStatusChange from apsd: YES
Dec  6 08:09:15 epicodus-95 cloudd[386] <Info>: ApplePushService: <APSConnection: 0x7f9b53408c60> seeing if delegate <CKDPushConnection: 0x7f9b534081e0> responds to status changes
Dec  6 08:09:15 epicodus-95 identityservicesd[348] <Info>: ApplePushService: <APSConnection: 0x7fa140737700> seeing if delegate <FTMessageDelivery_APS: 0x7fa140730620> responds to status changes
Dec  6 08:09:15 epicodus-95 cloudd[386] <Info>: ApplePushService: <APSConnection: 0x7f9b53408c60> calling <CKDPushConnection: 0x7f9b534081e0> didChangeConnectedStatus:
Dec  6 08:09:15 epicodus-95 identityservicesd[348] <Info>: ApplePushService: <APSConnection: 0x7fa140737700> calling <FTMessageDelivery_APS: 0x7fa140730620> didChangeConnectedStatus:
Dec  6 08:09:15 epicodus-95 identityservicesd[348] <Info>: ApplePushService: <APSConnection: 0x7fa140737700> returned from <FTMessageDelivery_APS: 0x7fa140730620> didChangeConnectedStatus:
Dec  6 08:09:15 epicodus-95 cloudd[386] <Info>: ApplePushService: <APSConnection: 0x7f9b53408c60> returned from <CKDPushConnection: 0x7f9b534081e0> didChangeConnectedStatus:
Dec  6 08:09:15 epicodus-95 sharedfilelistd[397] <Info>: [default] SharedFileList <CFString 0x7fff7319ee00 [0x7fff73256440]>{contents = "com.apple.LSSharedFileList.RecentApplications"} failed to load.
Dec  6 08:09:15 epicodus-95 sharedfilelistd[397] <Info>: __56-[ListStore readListWithConfiguration:properties:items:]_block_invoke SharedFileList com.apple.LSSharedFileList.RecentApplications failed to load.
Dec  6 08:09:15 epicodus-95 sharedfilelistd[397] <Info>: [default] SharedFileList <CFString 0x7fff7319ee00 [0x7fff73256440]>{contents = "com.apple.LSSharedFileList.RecentApplications"} importing from CFPrefs <CFString 0x7fd838f03680 [0x7fff73256440]>{contents = "com.apple.recentitems"} name <CFString 0x7fd838f08bc0 [0x7fff73256440]>{contents = "RecentApplications"}
Dec  6 08:09:15 epicodus-95 sharedfilelistd[397] <Info>: -[ListStore readListWithConfiguration:properties:items:] SharedFileList com.apple.LSSharedFileList.RecentApplications importing from CFPrefs com.apple.recentitems name RecentApplications
Dec  6 08:09:15 epicodus-95 Dock[402] <Info>: [default] Received state for list identifier: <CFString 0x7fff74428940 [0x7fff73256440]>{contents = "com.apple.LSSharedFileList.RecentApplications"}
Dec  6 08:09:15 epicodus-95 Dock[402] <Info>: __37-[SFLListManager listWithIdentifier:]_block_invoke109 Received state for list identifier: com.apple.LSSharedFileList.RecentApplications
Dec  6 08:09:15 epicodus-95 Dock[402] <Info>: [default] Apply change Change: SFLChangeTypeInsert item named: Terminal [86D8B0AF-57AA-4AF9-A341-D46DDE71C0C4] - URL:file:///Applications/Utilities/Terminal.app/ to list with identifier <CFString 0x7fff74428940 [0x7fff73256440]>{contents = "com.apple.LSSharedFileList.RecentApplications"}
Dec  6 08:09:15 epicodus-95 Dock[402] <Info>: __43-[SFLListManager applyChange:toList:reply:]_block_invoke Apply change Change: SFLChangeTypeInsert item named: Terminal [86D8B0AF-57AA-4AF9-A341-D46DDE71C0C4] - URL:file:///Applications/Utilities/Terminal.app/ to list with identifier com.apple.LSSharedFileList.RecentApplications
Dec  6 08:09:15 epicodus-95 sharedfilelistd[397] <Info>: [default] <CFString 0x7fd838c1e550 [0x7fff73256440]>{contents = "com.apple.dock"}[402] apply change Change: SFLChangeTypeInsert item named: Terminal [86D8B0AF-57AA-4AF9-A341-D46DDE71C0C4] - URL:file:///Applications/Utilities/Terminal.app/ to list <CFString 0x7fff7319ee00 [0x7fff73256440]>{contents = "com.apple.LSSharedFileList.RecentApplications"}
Dec  6 08:09:15 epicodus-95 sharedfilelistd[397] <Info>: -[ConnectedProcess(SFLServiceProtocol) applyChange:toListWithIdentifier:reply:] com.apple.dock[402] apply change Change: SFLChangeTypeInsert item named: Terminal [86D8B0AF-57AA-4AF9-A341-D46DDE71C0C4] - URL:file:///Applications/Utilities/Terminal.app/ to list com.apple.LSSharedFileList.RecentApplications
Dec  6 08:09:15 epicodus-95 sharedfilelistd[397] <Info>: [default] <CFString 0x7fd838c1e550 [0x7fff73256440]>{contents = "com.apple.dock"}[402] appled changes (
	    "Change: SFLChangeTypeInsert item named: Terminal [86D8B0AF-57AA-4AF9-A341-D46DDE71C0C4] - URL:file:///Applications/Utilities/Terminal.app/"
	)
Dec  6 08:09:15 epicodus-95 sharedfilelistd[397] <Info>: __79-[ConnectedProcess(SFLServiceProtocol) applyChange:toListWithIdentifier:reply:]_block_invoke com.apple.dock[402] appled changes (
	    "Change: SFLChangeTypeInsert item named: Terminal [86D8B0AF-57AA-4AF9-A341-D46DDE71C0C4] - URL:file:///Applications/Utilities/Terminal.app/"
	)
Dec  6 08:09:15 epicodus-95 Dock[402] <Info>: [default] Applied changes to list with identifier <CFString 0x7fff74428940 [0x7fff73256440]>{contents = "com.apple.LSSharedFileList.RecentApplications"}
Dec  6 08:09:15 epicodus-95 Dock[402] <Info>: __43-[SFLListManager applyChange:toList:reply:]_block_invoke169 Applied changes to list with identifier com.apple.LSSharedFileList.RecentApplications
Dec  6 08:09:15 epicodus-95 Dock[402] <Info>: [default] Using modern implementation for list: <CFString 0x7fff74428960 [0x7fff73256440]>{contents = "com.apple.LSSharedFileList.RecentDocuments"}
Dec  6 08:09:15 epicodus-95 Dock[402] <Info>: LSSharedFileListCreate Using modern implementation for list: com.apple.LSSharedFileList.RecentDocuments
Dec  6 08:09:15 epicodus-95 Dock[402] <Info>: [default] List identifier: <CFString 0x7fff74428960 [0x7fff73256440]>{contents = "com.apple.LSSharedFileList.RecentDocuments"}
Dec  6 08:09:15 epicodus-95 Dock[402] <Info>: -[SFLListManager listWithIdentifier:] List identifier: com.apple.LSSharedFileList.RecentDocuments
Dec  6 08:09:15 epicodus-95 Dock[402] <Info>: [default] Allocated list: <CFString 0x7fff74428960 [0x7fff73256440]>{contents = "com.apple.LSSharedFileList.RecentDocuments"} : <SFLList: 0x7fdb15a1b200>
Dec  6 08:09:15 epicodus-95 Dock[402] <Info>: __37-[SFLListManager listWithIdentifier:]_block_invoke Allocated list: com.apple.LSSharedFileList.RecentDocuments : <SFLList: 0x7fdb15a1b200>
Dec  6 08:09:15 epicodus-95 sharedfilelistd[397] <Info>: [default] <CFString 0x7fd838c1e550 [0x7fff73256440]>{contents = "com.apple.dock"}[402] subscribed to list <CFString 0x7fd838d33260 [0x7fff73256440]>{contents = "com.apple.LSSharedFileList.RecentDocuments"}
Dec  6 08:09:15 epicodus-95 sharedfilelistd[397] <Info>: -[ConnectedProcess(SFLServiceProtocol) subscribeToListWithIdentifier:reply:] com.apple.dock[402] subscribed to list com.apple.LSSharedFileList.RecentDocuments
Dec  6 08:09:15 epicodus-95 GoogleSoftwareUpdateAgent[424] <Notice>: 2016-12-06 08:09:15.898 GoogleSoftwareUpdateAgent[424/0x70000021d000] [lvl=2] -[KSAgentApp updateProductWithProductID:usingEngine:] Checking for updates for "All Products" using engine <KSDaemonUpdateEngine:0x10030aa60
		ticketStore=<KSPersistentTicketStore:0x10030a0b0 store=<KSKeyedPersistentStore:0x100308ce0
			path="/Library/Google/GoogleSoftwareUpdate/TicketStore/Keystone.ticketstore"
			lockFile=<KSLockFile:0x100309f00
				path="/Library/Google/GoogleSoftwareUpdate/TicketStore/Keystone.ticketstore.lock"
				locked=NO
			>
		>>
		processor=<KSActionProcessor:0x10064a860
			delegate=<KSDaemonUpdateEngine:0x10030aa60>
			isProcessing=NO actionsCompleted=0 progress=0.00
			errors=0 currentActionErrors=0
			events=0 currentActionEvents=0
			actionQueue=( )
		>
		delegate=(null)
		serverInfoStore=(null)
		errors=0
	>
Dec  6 08:09:15 epicodus-95 sharedfilelistd[397] <Info>: [default] [<CFString 0x7fd838d31990 [0x7fff73256440]>{contents = "com.apple.LSSharedFileList.RecentDocuments"}] Reading list content from the store.
Dec  6 08:09:15 epicodus-95 sharedfilelistd[397] <Info>: __56-[ListStore readListWithConfiguration:properties:items:]_block_invoke [com.apple.LSSharedFileList.RecentDocuments] Reading list content from the store.
Dec  6 08:09:15 epicodus-95 sharedfilelistd[397] <Info>: [default] SharedFileList <CFString 0x7fd838d31990 [0x7fff73256440]>{contents = "com.apple.LSSharedFileList.RecentDocuments"} failed to load.
Dec  6 08:09:15 epicodus-95 sharedfilelistd[397] <Info>: __56-[ListStore readListWithConfiguration:properties:items:]_block_invoke SharedFileList com.apple.LSSharedFileList.RecentDocuments failed to load.
Dec  6 08:09:15 epicodus-95 sharedfilelistd[397] <Info>: [default] SharedFileList <CFString 0x7fd838d31990 [0x7fff73256440]>{contents = "com.apple.LSSharedFileList.RecentDocuments"} importing from CFPrefs <CFString 0x7fd838d02510 [0x7fff73256440]>{contents = "com.apple.recentitems"} name <CFString 0x7fd838d02330 [0x7fff73256440]>{contents = "RecentDocuments"}
Dec  6 08:09:15 epicodus-95 sharedfilelistd[397] <Info>: -[ListStore readListWithConfiguration:properties:items:] SharedFileList com.apple.LSSharedFileList.RecentDocuments importing from CFPrefs com.apple.recentitems name RecentDocuments
Dec  6 08:09:15 epicodus-95 Dock[402] <Info>: [default] Received state for list identifier: <CFString 0x7fff74428960 [0x7fff73256440]>{contents = "com.apple.LSSharedFileList.RecentDocuments"}
Dec  6 08:09:15 epicodus-95 Dock[402] <Info>: __37-[SFLListManager listWithIdentifier:]_block_invoke109 Received state for list identifier: com.apple.LSSharedFileList.RecentDocuments
Dec  6 08:09:15 epicodus-95 SystemUIServer[404] <Debug>: LSExceptions [0x7ff9e8614ba0] unloaded
Dec  6 08:09:15 epicodus-95 com.apple.ncplugin.weather[463] <Debug>: LSExceptions [0x7fbbbbd09cd0] loaded
Dec  6 08:09:15 epicodus-95 Terminal[465] <Debug>: LSExceptions [0x7fef93e13d10] loaded
Dec  6 08:09:16 epicodus-95 Finder[405] <Debug>: LSExceptions [0x7fae604288f0] unloaded
Dec  6 08:09:16 epicodus-95 com.apple.RemindersNC[461] <Debug>: LSExceptions [0x7ff791500df0] loaded
Dec  6 08:09:16 epicodus-95 com.apple.iCal.CalendarNC[464] <Debug>: LSExceptions [0x7fa92ad063e0] loaded
Dec  6 08:09:18 epicodus-95 Dock[402] <Info>: [default] Apply change Change: SFLChangeTypeInsert item named: Google Chrome [0C219967-A171-43DE-9704-4CC9AD23F4BA] - URL:file:///Applications/Google%20Chrome.app/ to list with identifier <CFString 0x7fff74428940 [0x7fff73256440]>{contents = "com.apple.LSSharedFileList.RecentApplications"}
Dec  6 08:09:18 epicodus-95 Dock[402] <Info>: __43-[SFLListManager applyChange:toList:reply:]_block_invoke Apply change Change: SFLChangeTypeInsert item named: Google Chrome [0C219967-A171-43DE-9704-4CC9AD23F4BA] - URL:file:///Applications/Google%20Chrome.app/ to list with identifier com.apple.LSSharedFileList.RecentApplications
Dec  6 08:09:18 epicodus-95 sharedfilelistd[397] <Info>: [default] <CFString 0x7fd838c1e550 [0x7fff73256440]>{contents = "com.apple.dock"}[402] apply change Change: SFLChangeTypeInsert item named: Google Chrome [0C219967-A171-43DE-9704-4CC9AD23F4BA] - URL:file:///Applications/Google%20Chrome.app/ to list <CFString 0x7fff7319ee00 [0x7fff73256440]>{contents = "com.apple.LSSharedFileList.RecentApplications"}
Dec  6 08:09:18 epicodus-95 sharedfilelistd[397] <Info>: -[ConnectedProcess(SFLServiceProtocol) applyChange:toListWithIdentifier:reply:] com.apple.dock[402] apply change Change: SFLChangeTypeInsert item named: Google Chrome [0C219967-A171-43DE-9704-4CC9AD23F4BA] - URL:file:///Applications/Google%20Chrome.app/ to list com.apple.LSSharedFileList.RecentApplications
Dec  6 08:09:18 epicodus-95 sharedfilelistd[397] <Info>: [default] <CFString 0x7fd838c1e550 [0x7fff73256440]>{contents = "com.apple.dock"}[402] appled changes (
	    "Change: SFLChangeTypeInsert item named: Google Chrome [0C219967-A171-43DE-9704-4CC9AD23F4BA] - URL:file:///Applications/Google%20Chrome.app/"
	)
Dec  6 08:09:18 epicodus-95 sharedfilelistd[397] <Info>: __79-[ConnectedProcess(SFLServiceProtocol) applyChange:toListWithIdentifier:reply:]_block_invoke com.apple.dock[402] appled changes (
	    "Change: SFLChangeTypeInsert item named: Google Chrome [0C219967-A171-43DE-9704-4CC9AD23F4BA] - URL:file:///Applications/Google%20Chrome.app/"
	)
Dec  6 08:09:18 epicodus-95 Dock[402] <Info>: [default] Applied changes to list with identifier <CFString 0x7fff74428940 [0x7fff73256440]>{contents = "com.apple.LSSharedFileList.RecentApplications"}
Dec  6 08:09:18 epicodus-95 Dock[402] <Info>: __43-[SFLListManager applyChange:toList:reply:]_block_invoke169 Applied changes to list with identifier com.apple.LSSharedFileList.RecentApplications
Dec  6 08:09:18 epicodus-95 findNames[468] <Debug>: LSExceptions [0x7ffa62607b60] loaded
Dec  6 08:09:18 epicodus-95 Spotlight[416] <Debug>: LSExceptions [0x7ffc897140e0] unloaded
Dec  6 08:09:18 epicodus-95 AOSHeartbeat[435] <Debug>: LSExceptions [0x7f881070ae70] unloaded
Dec  6 08:09:18 epicodus-95 AirPlayUIAgent[432] <Debug>: LSExceptions [0x7fc5f1f06340] unloaded
Dec  6 08:09:18 epicodus-95 GoogleSoftwareUpdateAgent[424] <Debug>: LSExceptions [0x100209330] unloaded
Dec  6 08:09:18 epicodus-95 CallHistorySyncHelper[384] <Info>: ApplePushService: <APSConnection: 0x7fbfa851ff40> Delivering connectionStatusChange from apsd: YES
Dec  6 08:09:18 epicodus-95 CallHistorySyncHelper[384] <Debug>: ApplePushService: <APSConnection: 0x7fbfa851ff40>: Re-requesting up-to-date per-app tokens
Dec  6 08:09:18 epicodus-95 CallHistorySyncHelper[384] <Debug>: ApplePushService: <APSConnection: 0x7fbfa851ff40>: Sending request for per-app token for topic com.apple.icloud-container.com.apple.callhistory.sync-helper with identifier 
Dec  6 08:09:18 epicodus-95 com.apple.iCloudHelper[379] <Info>: ApplePushService: <APSConnection: 0x7fe961d39bb0> Delivering connectionStatusChange from apsd: YES
Dec  6 08:09:18 epicodus-95 fmfd[378] <Info>: ApplePushService: <APSConnection: 0x7fd46161e2f0> Delivering connectionStatusChange from apsd: YES
Dec  6 08:09:18 epicodus-95 askpermissiond[431] <Info>: ApplePushService: <APSConnection: 0x7fc5d9503e00> Delivering connectionStatusChange from apsd: YES
Dec  6 08:09:18 epicodus-95 CallHistorySyncHelper[384] <Info>: ApplePushService: <APSConnection: 0x7fbfa851ff40> Received token <8376bb74 419160e7 5d77707f 5eb7f8a6 a72e9c0b 6e6cf9a1 7b4db701 db46ff47> forTopic com.apple.icloud-container.com.apple.callhistory.sync-helper identifier 
Dec  6 08:09:18 epicodus-95 CallHistorySyncHelper[384] <Info>: ApplePushService: <APSConnection: 0x7fbfa851ff40> calling <CHPushConnectionDelegate: 0x7fbfa851fd30> for received token <8376bb74 419160e7 5d77707f 5eb7f8a6 a72e9c0b 6e6cf9a1 7b4db701 db46ff47> for topic com.apple.icloud-container.com.apple.callhistory.sync-helper identifier 
Dec  6 08:09:18 epicodus-95 CallHistorySyncHelper[384] <Info>: ApplePushService: <APSConnection: 0x7fbfa851ff40> returned from <CHPushConnectionDelegate: 0x7fbfa851fd30> didReceiveToken:forTopic:identifier
Dec  6 08:09:19 epicodus-95 storeaccountd[452] <Critical>: BagController: Asked to invalidate all bags
Dec  6 08:09:19 --- last message repeated 1 time ---
Dec  6 08:09:19 epicodus-95 WiFiAgent[436] <Debug>: LSExceptions [0x7f9b8bd16ab0] unloaded
Dec  6 08:09:19 epicodus-95 softwareupdate_notify_agent[471] <Debug>: Running for LoginDone
Dec  6 08:09:19 epicodus-95 softwareupdate_notify_agent[471] <Debug>: AssertionMgr: Take com.apple.softwareupdate.NotifyAgentAssertion assertion with type BackgroundTask for pid 471
Dec  6 08:09:19 epicodus-95 softwareupdate_notify_agent[471] <Debug>: Waiting 1 seconds before sending the notification to App Store
Dec  6 08:09:21 epicodus-95 Keychain Circle Notification[422] <Debug>: LSExceptions [0x7f8f1b412190] unloaded
Dec  6 08:09:21 epicodus-95 FolderActionsDispatcher[417] <Debug>: LSExceptions [0x7fb52b514180] unloaded
Dec  6 08:09:21 epicodus-95 storeaccountd[452] <Critical>: Bag: Failed to create cache directory: /Users/Guest/Library/Caches/com.apple.spotlight
Dec  6 08:09:21 --- last message repeated 1 time ---
Dec  6 08:09:21 epicodus-95 storeaccountd[452] <Critical>: Bag: Error writing persisted bag to file:///Users/Guest/Library/Caches/com.apple.spotlight/ProductionBag - The folder “ProductionBag” doesn’t exist.
Dec  6 08:09:21 epicodus-95 storeaccountd[452] <Critical>: Bag: Successfully updated bag type 1 from https://init.itunes.apple.com/bag.xml?ix=5 valid until 2016-12-07 11:09:19 +0000
Dec  6 08:09:21 epicodus-95 storeaccountd[452] <Critical>: BagLoadOperation: Finished loading bag type 1
Dec  6 08:09:21 epicodus-95 storeaccountd[452] <Critical>: ISStoreURLOperation: Starting URL operation with url=https://xp.apple.com/register / bagKey=(null)
Dec  6 08:09:21 epicodus-95 storeaccountd[452] <Critical>: -[ISStoreURLOperation _runURLOperation]: _addStandardQueryParametersForURL: https://xp.apple.com/register
Dec  6 08:09:21 epicodus-95 storeassetd[454] <Critical>: DAAPClient: Will not perform DAAP request for action login because no primary account is present
Dec  6 08:09:21 epicodus-95 storeassetd[454] <Critical>: DAAPClient: DAAP Login failed with error Error Domain=DAAPClient Code=0 "No primary account is present" UserInfo={NSLocalizedDescription=No primary account is present}
Dec  6 08:09:21 epicodus-95 storeassetd[454] <Critical>: DAAPClient: Will not perform DAAP request for action login because no primary account is present
Dec  6 08:09:21 epicodus-95 storeassetd[454] <Critical>: BookLibraryJaliscoSource: DAAP Event Login success=0 error=Error Domain=DAAPClient Code=0 "No primary account is present" UserInfo={NSLocalizedDescription=No primary account is present}
Dec  6 08:09:21 epicodus-95 storeassetd[454] <Critical>: DAAPClient: DAAP Login failed with error Error Domain=DAAPClient Code=0 "No primary account is present" UserInfo={NSLocalizedDescription=No primary account is present}
Dec  6 08:09:21 epicodus-95 storeassetd[454] <Critical>: DAAPClient: Will not perform DAAP request for action login because no primary account is present
Dec  6 08:09:21 epicodus-95 storeassetd[454] <Critical>: BookLibraryJaliscoSource: DAAP Event Login success=0 error=Error Domain=DAAPClient Code=0 "No primary account is present" UserInfo={NSLocalizedDescription=No primary account is present}
Dec  6 08:09:21 epicodus-95 storeassetd[454] <Critical>: DAAPClient: DAAP Login failed with error Error Domain=DAAPClient Code=0 "No primary account is present" UserInfo={NSLocalizedDescription=No primary account is present}
Dec  6 08:09:21 epicodus-95 storeaccountd[452] <Critical>: Bag: Successfully updated bag type 1 from https://init.itunes.apple.com/bag.xml?ix=5 valid until 2016-12-07 11:09:19 +0000
Dec  6 08:09:21 epicodus-95 storeaccountd[452] <Critical>: BagLoadOperation: Finished loading bag type 1
Dec  6 08:09:21 epicodus-95 storeaccountd[452] <Critical>: ISStoreURLOperation: Starting URL operation with url=https://xp.apple.com/register / bagKey=(null)
Dec  6 08:09:21 epicodus-95 storeaccountd[452] <Critical>: -[ISStoreURLOperation _runURLOperation]: _addStandardQueryParametersForURL: https://xp.apple.com/register
Dec  6 08:09:21 epicodus-95 com.apple.ncplugin.weather[463] <Warning>: *** -[NSKeyedUnarchiver initForReadingWithData:]: data is NULL
Dec  6 08:09:22 epicodus-95 CallHistorySyncHelper[384] <Info>: ApplePushService: <APSConnection: 0x7fbfa851ff40> Received token <8376bb74 419160e7 5d77707f 5eb7f8a6 a72e9c0b 6e6cf9a1 7b4db701 db46ff47> forTopic com.apple.icloud-container.com.apple.callhistory.sync-helper identifier 
Dec  6 08:09:23 epicodus-95 NotificationCenter[425] <Warning>: plugin com.apple.iCal.CalendarNC invalidated
Dec  6 08:09:23 epicodus-95 com.apple.iCal.CalendarNC[464] <Warning>: host connection <NSXPCConnection: 0x7fa92ac33bc0> connection from pid 425 invalidated
Dec  6 08:09:24 epicodus-95 com.apple.dock.extra[460] <Debug>: LSExceptions [0x7fe6934165e0] unloaded
Dec  6 08:09:24 epicodus-95 com.apple.ncplugin.stocks[462] <Debug>: LSExceptions [0x7ffe395095d0] unloaded
Dec  6 08:09:25 epicodus-95 com.apple.geod[470] <Notice>: 2016-12-06 08:09:25.383, 470, aa611390, [LogMessageLogging]: adaptorOptionsArray is nil or empty, there no adaptors available to create
Dec  6 08:09:25 epicodus-95 NotificationCenter[425] <Warning>: plugin com.apple.RemindersNC invalidated
Dec  6 08:09:25 epicodus-95 com.apple.RemindersNC[461] <Warning>: host connection <NSXPCConnection: 0x7ff791636710> connection from pid 425 invalidated
Dec  6 08:09:25 epicodus-95 NotificationCenter[425] <Warning>: plugin com.apple.ncplugin.weather invalidated
Dec  6 08:09:25 epicodus-95 com.apple.ncplugin.weather[463] <Warning>: host connection <NSXPCConnection: 0x7fbbbbd20bf0> connection from pid 425 invalidated
Dec  6 08:09:25 epicodus-95 com.apple.geod[470] <Notice>: 2016-12-06 08:09:25.644, 470, aa611390, [LogMessageLogging]: adaptorOptionsArray is nil or empty, there no adaptors available to create
Dec  6 08:09:25 epicodus-95 com.apple.geod[470] <Notice>: 2016-12-06 08:09:25.644, 470, aa611390, [LogMessageLogging]: _serverLogAdaptors is empty, adaptors not setup (geod restart), Send a message back to the app, to setup adaptors and resend the logMessage
Dec  6 08:09:25 epicodus-95 NotificationCenter[425] <Warning>: plugin com.apple.ncplugin.stocks invalidated
Dec  6 08:09:25 epicodus-95 com.apple.ncplugin.stocks[462] <Warning>: host connection <NSXPCConnection: 0x7ffe3972be10> connection from pid 425 invalidated
Dec  6 08:09:25 epicodus-95 com.apple.ncplugin.weather[463] <Debug>: LSExceptions [0x7fbbbbd09cd0] unloaded
Dec  6 08:09:26 epicodus-95 com.apple.RemindersNC[461] <Debug>: LSExceptions [0x7ff791500df0] unloaded
Dec  6 08:09:26 epicodus-95 findNames[468] <Info>: dispatch_semaphore_wait() time out when waiting -entriesWithReply:
Dec  6 08:09:26 epicodus-95 Terminal[465] <Debug>: LSExceptions [0x7fef93e13d10] unloaded
Dec  6 08:09:26 epicodus-95 findNames[468] <Info>: Can't get remote object proxy when -entriesWithReply:, error: Error Domain=NSCocoaErrorDomain Code=4097 "connection to service named com.apple.InputMethodKit.TextReplacementService" UserInfo={NSDebugDescription=connection to service named com.apple.InputMethodKit.TextReplacementService}
Dec  6 08:09:26 epicodus-95 com.apple.InputMethodKit.TextReplacementService[472] <Info>: Persistent Store URL: <CFString 0x7fcfa9f0d2b0 [0x7fff73256440]>{contents = "file:///Users/Guest/Library/Dictionaries/CoreDataUbiquitySupport/guest~3178E688-B80F-54EB-990E-E5BC29A939FB/UserDictionary/local/store/UserDictionary.db"}
Dec  6 08:09:27 epicodus-95 NotificationCenter[425] <Debug>: LSExceptions [0x7f8cf2d12af0] unloaded
Dec  6 08:09:27 epicodus-95 crashpad_handler[480] <Error>: [1206/080927:ERROR:file_io.cc(30)] read: expected 40, observed 0
Dec  6 08:09:27 epicodus-95 Dock[402] <Debug>: LSExceptions [0x7fdb13408cd0] unloaded
Dec  6 08:09:27 epicodus-95 com.apple.iCal.CalendarNC[464] <Debug>: LSExceptions [0x7fa92ad063e0] unloaded
Dec  6 08:09:27 epicodus-95 Google Chrome[469] <Debug>: LSExceptions [0x7fcd2a70f450] loaded
Dec  6 08:09:28 epicodus-95 com.apple.InputMethodKit.TextReplacementService[472] <Info>: Defaults: New LocalPeerIdentityCurrent is <CFString 0x7fcfa9c07f40 [0x7fff73256440]>{contents = "guest~3178E688-B80F-54EB-990E-E5BC29A939FB"}
Dec  6 08:09:28 epicodus-95 CoreServicesUIAgent[481] <Debug>: LSExceptions [0x7fceda707ef0] loaded
Dec  6 08:09:28 epicodus-95 com.apple.InputMethodKit.TextReplacementService[472] <Info>: Inserting default entry: omw -> <CFString 0x7fcfa9c0ba90 [0x7fff73256440]>{contents = "On my way!"}
Dec  6 08:09:30 epicodus-95 Google Chrome[469] <Warning>: NSWindow warning: adding an unknown subview: <FullSizeContentView: 0x7fcd2ca2cc10>. Break on NSLog to debug.
Dec  6 08:09:30 epicodus-95 Google Chrome[469] <Warning>: Call stack:
	(
	    "+callStackSymbols disabled for performance reasons"
	)
Dec  6 08:09:30 epicodus-95 Google Chrome Helper[489] <Debug>: LSExceptions [0x7f9b40e0baa0] loaded
Dec  6 08:09:30 epicodus-95 Terminal[465] <Notice>: BUG in libdispatch client: kevent[EVFILT_PROC] enable: "No such file or directory" - 0x2
Dec  6 08:09:30 epicodus-95 ksadmin[490] <Notice>: Using ticket store: <KSPersistentTicketStore:0x100707730 store=<KSKeyedPersistentStore:0x100707860
		path="/Library/Google/GoogleSoftwareUpdate/TicketStore/Keystone.ticketstore"
		lockFile=<KSLockFile:0x100707c10
			path="/Library/Google/GoogleSoftwareUpdate/TicketStore/Keystone.ticketstore.lock"
			locked=NO
		>
	>>.
Dec  6 08:09:30 epicodus-95 Google Chrome[469] <Notice>: Caching encoded userInfo to use until we are marked dirty again (UAUserActivity.m #1567)
Dec  6 08:09:30 epicodus-95 Google Chrome[469] <Notice>: Using cached encoded userInfo to build ActivityInfo (UAUserActivity.m #2082)
Dec  6 08:09:31 epicodus-95 ksadmin[491] <Notice>: Using ticket store: <KSPersistentTicketStore:0x100517e20 store=<KSKeyedPersistentStore:0x100517f50
		path="/Users/Guest/Library/Google/GoogleSoftwareUpdate/TicketStore/Keystone.ticketstore"
		lockFile=<KSLockFile:0x100518300
			path="/Users/Guest/Library/Google/GoogleSoftwareUpdate/TicketStore/Keystone.ticketstore.lock"
			locked=NO
		>
	>>.
Dec  6 08:09:31 epicodus-95 ksadmin[491] <Notice>: Deleting a ticket...
Dec  6 08:09:31 epicodus-95 com.apple.InputMethodKit.TextReplacementService[472] <Info>: Insert cache with objectID 0x40000b <x-coredata://44B6D47F-0351-45A6-85BC-480B44AA9F96/UserDictionaryEntry/p1>
Dec  6 08:09:31 epicodus-95 Google Chrome Helper[492] <Debug>: LSExceptions [0x7f9203d1ad90] loaded
Dec  6 08:09:31 epicodus-95 Google Chrome Helper[495] <Debug>: LSExceptions [0x7fe851c0da50] loaded
Dec  6 08:09:31 epicodus-95 Google Chrome Helper[493] <Debug>: LSExceptions [0x7fb6e0416510] loaded
Dec  6 08:09:31 epicodus-95 Google Chrome Helper[494] <Debug>: LSExceptions [0x7f8878417cb0] loaded
Dec  6 08:09:31 epicodus-95 storeaccountd[452] <Critical>: BagController: Asked to invalidate all bags
Dec  6 08:09:33 epicodus-95 Google Chrome Helper[498] <Debug>: LSExceptions [0x7fd2bb40a770] loaded
Dec  6 08:09:34 epicodus-95 Google Chrome Helper[500] <Debug>: LSExceptions [0x7f8cea521ba0] loaded
Dec  6 08:09:36 epicodus-95 findNames[501] <Debug>: LSExceptions [0x7f9deac07480] loaded
Dec  6 08:09:36 epicodus-95 findNames[501] <Info>: Can't get remote object proxy when -entriesWithReply:, error: Error Domain=NSCocoaErrorDomain Code=4097 "connection to service named com.apple.InputMethodKit.TextReplacementService" UserInfo={NSDebugDescription=connection to service named com.apple.InputMethodKit.TextReplacementService}
Dec  6 08:09:36 epicodus-95 GoogleSoftwareUpdateAgent[424] <Notice>: 2016-12-06 08:09:36.402 GoogleSoftwareUpdateAgent[424/0x70000021d000] [lvl=2] -[KSAgentApp(KeystoneDelegate) updateEngineFinishedWithErrors:] Keystone finished: errors=0
Dec  6 08:09:36 epicodus-95 com.apple.geod[470] <Notice>: 2016-12-06 08:09:36.942, 470, aa712b90, [LogMessageLogging]: adaptorOptionsArray is nil or empty, there no adaptors available to create
Dec  6 08:09:36 epicodus-95 com.apple.geod[470] <Notice>: 2016-12-06 08:09:36.942, 470, aa712b90, [LogMessageLogging]: _serverLogAdaptors is empty, adaptors not setup (geod restart), Send a message back to the app, to setup adaptors and resend the logMessage
Dec  6 08:09:37 epicodus-95 GoogleSoftwareUpdateAgent[424] <Notice>: 2016-12-06 08:09:37.284 GoogleSoftwareUpdateAgent[424/0x70000021d000] [lvl=2] -[KSAgentApp updateProductWithProductID:usingEngine:] Done checking for updates for '"All Products"' using engine <KSDaemonUpdateEngine:0x10030aa60
		ticketStore=<KSPersistentTicketStore:0x10030a0b0 store=<KSKeyedPersistentStore:0x100308ce0
			path="/Library/Google/GoogleSoftwareUpdate/TicketStore/Keystone.ticketstore"
			lockFile=<KSLockFile:0x100309f00
				path="/Library/Google/GoogleSoftwareUpdate/TicketStore/Keystone.ticketstore.lock"
				locked=NO
			>
		>>
		processor=<KSActionProcessor:0x100642b00
			delegate=<KSDaemonUpdateEngine:0x10030aa60>
			isProcessing=NO actionsCompleted=0 progress=0.00
			errors=0 currentActionErrors=0
			events=0 currentActionEvents=0
			actionQueue=( )
		>
		delegate=<KSAgentApp: 0x10041d390>
		serverInfoStore=<KSServerPrivateInfoStore:0x100318db0 path="/Users/Guest/Library/Google/GoogleSoftwareUpdate/Servers">
		errors=0
	>
Dec  6 08:09:37 epicodus-95 GoogleSoftwareUpdateAgent[424] <Notice>: 2016-12-06 08:09:37.287 GoogleSoftwareUpdateAgent[424/0x70000021d000] [lvl=2] -[KSAgentApp(KeystoneThread) runKeystonesInThreadWithArg:] Checking with local engine: <KSUpdateEngine:0x10023e6f0
		ticketStore=<KSPersistentTicketStore:0x10023ea10 store=<KSKeyedPersistentStore:0x10023ec90
			path="/Users/Guest/Library/Google/GoogleSoftwareUpdate/TicketStore/Keystone.ticketstore"
			lockFile=<KSLockFile:0x10023b330
				path="/Users/Guest/Library/Google/GoogleSoftwareUpdate/TicketStore/Keystone.ticketstore.lock"
				locked=NO
			>
		>>
		processor=<KSActionProcessor:0x100224ae0
			delegate=<KSUpdateEngine:0x10023e6f0>
			isProcessing=NO actionsCompleted=0 progress=0.00
			errors=0 currentActionErrors=0
			events=0 currentActionEvents=0
			actionQueue=( )
		>
		delegate=(null)
		serverInfoStore=(null)
		errors=0
	>
Dec  6 08:09:37 epicodus-95 GoogleSoftwareUpdateAgent[424] <Notice>: 2016-12-06 08:09:37.288 GoogleSoftwareUpdateAgent[424/0x70000021d000] [lvl=2] -[KSAgentApp updateProductWithProductID:usingEngine:] Checking for updates for "All Products" using engine <KSUpdateEngine:0x10023e6f0
		ticketStore=<KSPersistentTicketStore:0x10023ea10 store=<KSKeyedPersistentStore:0x10023ec90
			path="/Users/Guest/Library/Google/GoogleSoftwareUpdate/TicketStore/Keystone.ticketstore"
			lockFile=<KSLockFile:0x10023b330
				path="/Users/Guest/Library/Google/GoogleSoftwareUpdate/TicketStore/Keystone.ticketstore.lock"
				locked=NO
			>
		>>
		processor=<KSActionProcessor:0x100224ae0
			delegate=<KSUpdateEngine:0x10023e6f0>
			isProcessing=NO actionsCompleted=0 progress=0.00
			errors=0 currentActionErrors=0
			events=0 currentActionEvents=0
			actionQueue=( )
		>
		delegate=(null)
		serverInfoStore=(null)
		errors=0
	>
Dec  6 08:09:37 epicodus-95 GoogleSoftwareUpdateAgent[424] <Notice>: 2016-12-06 08:09:37.288 GoogleSoftwareUpdateAgent[424/0x70000021d000] [lvl=2] -[KSUpdateEngine updateAllExceptProduct:] KSUpdateEngine updating all installed products, except:'com.google.Keystone'.
Dec  6 08:09:37 epicodus-95 GoogleSoftwareUpdateAgent[424] <Notice>: 2016-12-06 08:09:37.288 GoogleSoftwareUpdateAgent[424/0x70000021d000] [lvl=2] -[KSAgentApp(KeystoneDelegate) updateEngineFinishedWithErrors:] Keystone finished: errors=0
Dec  6 08:09:37 epicodus-95 GoogleSoftwareUpdateAgent[424] <Notice>: 2016-12-06 08:09:37.288 GoogleSoftwareUpdateAgent[424/0x70000021d000] [lvl=2] -[KSUpdateEngine(PrivateMethods) updateFinish] KSUpdateEngine update processing complete.
Dec  6 08:09:37 epicodus-95 GoogleSoftwareUpdateAgent[424] <Notice>: 2016-12-06 08:09:37.288 GoogleSoftwareUpdateAgent[424/0x70000021d000] [lvl=2] -[KSAgentApp updateProductWithProductID:usingEngine:] Done checking for updates for '"All Products"' using engine <KSUpdateEngine:0x10023e6f0
		ticketStore=<KSPersistentTicketStore:0x10023ea10 store=<KSKeyedPersistentStore:0x10023ec90
			path="/Users/Guest/Library/Google/GoogleSoftwareUpdate/TicketStore/Keystone.ticketstore"
			lockFile=<KSLockFile:0x10023b330
				path="/Users/Guest/Library/Google/GoogleSoftwareUpdate/TicketStore/Keystone.ticketstore.lock"
				locked=NO
			>
		>>
		processor=<KSActionProcessor:0x10021c740
			delegate=<KSUpdateEngine:0x10023e6f0>
			isProcessing=NO actionsCompleted=0 progress=0.00
			errors=0 currentActionErrors=0
			events=0 currentActionEvents=0
			actionQueue=( )
		>
		delegate=<KSAgentApp: 0x10041d390>
		serverInfoStore=<KSServerPrivateInfoStore:0x100318db0 path="/Users/Guest/Library/Google/GoogleSoftwareUpdate/Servers">
		errors=0
	>
Dec  6 08:09:37 epicodus-95 GoogleSoftwareUpdateAgent[424] <Notice>: 2016-12-06 08:09:37.509 GoogleSoftwareUpdateAgent[424/0x70000021d000] [lvl=2] -[KSAgentUploader fetcher:finishedWithData:] Successfully uploaded stats to <NSMutableURLRequest: 0x10022dd90> { URL: https://tools.google.com/service/update2 }
Dec  6 08:09:37 epicodus-95 GoogleSoftwareUpdateAgent[424] <Notice>: 2016-12-06 08:09:37.509 GoogleSoftwareUpdateAgent[424/0x70000021d000] [lvl=2] -[KSAgentApp uploadStats:] Successfully uploaded stats <KSStatsCollection:0x100318030 path="/Users/Guest/Library/Google/GoogleSoftwareUpdate/Stats/Keystone.stats", count=5, stats={
	    checks = 2;
	    tickets = 1;
	    usertickets = 0;
	    validtickets = 1;
	    validusertickets = 0;
	}>
Dec  6 08:09:37 epicodus-95 GoogleSoftwareUpdateAgent[424] <Notice>: 2016-12-06 08:09:37.513 GoogleSoftwareUpdateAgent[424/0x70000021d000] [lvl=2] -[KSAgentApp(KeystoneThread) runKeystonesInThreadWithArg:] Finished with engine thread
Dec  6 08:09:37 epicodus-95 GoogleSoftwareUpdateAgent[424] <Notice>: 2016-12-06 08:09:37.771 GoogleSoftwareUpdateAgent[424/0x7fff71fe9000] [lvl=2] -[KSAgentApp checkForUpdates] Finished update check.
Dec  6 08:09:37 epicodus-95 nsurlstoraged[377] <Error>: Process 424 does not have access to path /Users/Guest/Library/Caches/com.google.Keystone.Agent/Cache.db
Dec  6 08:09:38 epicodus-95 Google Chrome[469] <Debug>: LSExceptions [0x7fcd2a70f450] unloaded
Dec  6 08:09:39 epicodus-95 CoreServicesUIAgent[481] <Debug>: LSExceptions [0x7fceda707ef0] unloaded
Dec  6 08:09:41 epicodus-95 Google Chrome Helper[489] <Debug>: LSExceptions [0x7f9b40e0baa0] unloaded
Dec  6 08:09:42 epicodus-95 Google Chrome Helper[495] <Debug>: LSExceptions [0x7fe851c0da50] unloaded
Dec  6 08:09:42 epicodus-95 Google Chrome Helper[493] <Debug>: LSExceptions [0x7fb6e0416510] unloaded
Dec  6 08:09:42 epicodus-95 Google Chrome Helper[492] <Debug>: LSExceptions [0x7f9203d1ad90] unloaded
Dec  6 08:09:42 epicodus-95 Google Chrome Helper[494] <Debug>: LSExceptions [0x7f8878417cb0] unloaded
Dec  6 08:09:42 epicodus-95 AppleSpell[467] <Error>: Lexicon creation failed: Lexicon resources not found
Dec  6 08:09:44 epicodus-95 mdworker[475] <Error>: (ImportBailout.Error:1331) Asked to exit for Diskarb
Dec  6 08:09:44 epicodus-95 Google Chrome Helper[498] <Debug>: LSExceptions [0x7fd2bb40a770] unloaded
Dec  6 08:09:44 epicodus-95 TMHelperAgent[510] <Debug>: LSExceptions [0x7fa4635095d0] loaded
Dec  6 08:09:44 epicodus-95 TMHelperAgent[510] <Info>: [default] Using modern implementation for list: <CFString 0x7fff74428bc0 [0x7fff73256440]>{contents = "com.apple.LSSharedFileList.ApplicationRecentDocuments"}
Dec  6 08:09:44 --- last message repeated 1 time ---
Dec  6 08:09:44 epicodus-95 TMHelperAgent[510] <Info>: LSSharedFileListCreate Using modern implementation for list: com.apple.LSSharedFileList.ApplicationRecentDocuments
Dec  6 08:09:44 --- last message repeated 1 time ---
Dec  6 08:09:44 epicodus-95 TMHelperAgent[510] <Info>: [default] List identifier: <CFString 0x7fff74428bc0 [0x7fff73256440]>{contents = "com.apple.LSSharedFileList.ApplicationRecentDocuments"}
Dec  6 08:09:44 --- last message repeated 1 time ---
Dec  6 08:09:44 epicodus-95 TMHelperAgent[510] <Info>: -[SFLListManager listWithIdentifier:] List identifier: com.apple.LSSharedFileList.ApplicationRecentDocuments
Dec  6 08:09:44 --- last message repeated 1 time ---
Dec  6 08:09:44 epicodus-95 TMHelperAgent[510] <Info>: [default] Allocated list: <CFString 0x7fff74428bc0 [0x7fff73256440]>{contents = "com.apple.LSSharedFileList.ApplicationRecentDocuments"} : <SFLList: 0x7fa4637285b0>
Dec  6 08:09:44 epicodus-95 TMHelperAgent[510] <Info>: __37-[SFLListManager listWithIdentifier:]_block_invoke Allocated list: com.apple.LSSharedFileList.ApplicationRecentDocuments : <SFLList: 0x7fa4637285b0>
Dec  6 08:09:45 epicodus-95 sharedfilelistd[397] <Info>: [default] <CFString 0x7fd838e14270 [0x7fff73256440]>{contents = "com.apple.tmhelperagent"}[510] subscribed to list <CFString 0x7fff731edde0 [0x7fff73256440]>{contents = "com.apple.LSSharedFileList.ApplicationRecentDocuments"}
Dec  6 08:09:45 epicodus-95 sharedfilelistd[397] <Info>: -[ConnectedProcess(SFLServiceProtocol) subscribeToListWithIdentifier:reply:] com.apple.tmhelperagent[510] subscribed to list com.apple.LSSharedFileList.ApplicationRecentDocuments
Dec  6 08:09:45 epicodus-95 sharedfilelistd[397] <Info>: [default] [com.apple.LSSharedFileList.ApplicationRecentDocuments/com.apple.tmhelperagent] Reading list content from the store.
Dec  6 08:09:45 epicodus-95 sharedfilelistd[397] <Info>: __56-[ListStore readListWithConfiguration:properties:items:]_block_invoke [com.apple.LSSharedFileList.ApplicationRecentDocuments/com.apple.tmhelperagent] Reading list content from the store.
Dec  6 08:09:45 epicodus-95 sharedfilelistd[397] <Info>: [default] SharedFileList com.apple.LSSharedFileList.ApplicationRecentDocuments/com.apple.tmhelperagent failed to load.
Dec  6 08:09:45 epicodus-95 sharedfilelistd[397] <Info>: __56-[ListStore readListWithConfiguration:properties:items:]_block_invoke SharedFileList com.apple.LSSharedFileList.ApplicationRecentDocuments/com.apple.tmhelperagent failed to load.
Dec  6 08:09:45 epicodus-95 sharedfilelistd[397] <Info>: [default] SharedFileList com.apple.LSSharedFileList.ApplicationRecentDocuments/com.apple.tmhelperagent importing from CFPrefs <CFString 0x7fd838e101a0 [0x7fff73256440]>{contents = "com.apple.tmhelperagent.LSSharedFileList"} name <CFString 0x7fd838c2bc30 [0x7fff73256440]>{contents = "RecentDocuments"}
Dec  6 08:09:45 epicodus-95 sharedfilelistd[397] <Info>: -[ListStore readListWithConfiguration:properties:items:] SharedFileList com.apple.LSSharedFileList.ApplicationRecentDocuments/com.apple.tmhelperagent importing from CFPrefs com.apple.tmhelperagent.LSSharedFileList name RecentDocuments
Dec  6 08:09:45 epicodus-95 TMHelperAgent[510] <Info>: [default] Received state for list identifier: <CFString 0x7fff74428bc0 [0x7fff73256440]>{contents = "com.apple.LSSharedFileList.ApplicationRecentDocuments"}
Dec  6 08:09:45 epicodus-95 TMHelperAgent[510] <Info>: __37-[SFLListManager listWithIdentifier:]_block_invoke109 Received state for list identifier: com.apple.LSSharedFileList.ApplicationRecentDocuments
Dec  6 08:09:45 epicodus-95 TMHelperAgent[510] <Info>: [default] Notifying observers for list <CFString 0x7fff74428bc0 [0x7fff73256440]>{contents = "com.apple.LSSharedFileList.ApplicationRecentDocuments"}
Dec  6 08:09:45 epicodus-95 TMHelperAgent[510] <Info>: -[SFLListObserver notify] Notifying observers for list com.apple.LSSharedFileList.ApplicationRecentDocuments
Dec  6 08:09:45 epicodus-95 Google Chrome Helper[500] <Debug>: LSExceptions [0x7f8cea521ba0] unloaded
Dec  6 08:09:47 epicodus-95 mdworker[513] <Info>: open() failed: Operation not permitted
Dec  6 08:09:53 epicodus-95 softwareupdate_notify_agent[471] <Debug>: Notifying with params: {
	    UpdateNotificationsOnly = 1;
	}
Dec  6 08:09:53 epicodus-95 softwareupdate_notify_agent[471] <Debug>: appstoreupdateagent notified
Dec  6 08:09:53 epicodus-95 softwareupdate_notify_agent[471] <Debug>: All notifications finished - exiting
Dec  6 08:09:53 epicodus-95 softwareupdate_notify_agent[471] <Debug>: AssertionMgr: Cancel com.apple.softwareupdate.NotifyAgentAssertion assertion for pid 471
Dec  6 08:09:53 epicodus-95 appstoreupdateagent[519] <Notice>: 
	
	
	--------------------------------------------------------- Begin --
	
	   System Version 10.11.5 (Build 15F34)
	   "appstoreupdateagent" Version ? (?)
	
	-------------------------------------------------------------------
Dec  6 08:09:53 epicodus-95 appstoreupdateagent[519] <Critical>: appstoreupdateagent: Starting up (uid = 201)...
Dec  6 08:09:53 epicodus-95 appstoreupdateagent[519] <Critical>: appstoreupdateagent: creating XPC listener
Dec  6 08:09:53 epicodus-95 appstoreupdateagent[519] <Critical>: appstoreupdateagent: resuming connection on startup
Dec  6 08:09:53 epicodus-95 appstoreupdateagent[519] <Critical>: appstoreupdateagent: message send is pending, calling dispatch_main
Dec  6 08:09:53 epicodus-95 appstoreupdateagent[519] <Critical>: appstoreupdateagent: received XPC_TYPE_CONNECTION event on listener
Dec  6 08:09:53 epicodus-95 appstoreupdateagent[519] <Critical>: appstoreupdateagent: resuming connection after event
Dec  6 08:09:53 epicodus-95 appstoreupdateagent[519] <Critical>: appstoreupdateagent: received XPC_TYPE_DICTIONARY event on connection: <dictionary: 0x7febe3f01030> { count = 1, contents =
		"UpdateNotificationsOnly" => <bool: 0x7fff7240ba58>: true
	}
Dec  6 08:09:53 epicodus-95 appstoreupdateagent[519] <Critical>: appstoreupdateagent: Sending dictionary to storeagent
Dec  6 08:09:53 epicodus-95 appstoreupdateagent[519] <Critical>: CheckForUpdates: Starting connection to com.apple.storeagent-xpc
Dec  6 08:09:53 epicodus-95 appstoreupdateagent[519] <Critical>: CheckForUpdates: Sent dictionary to storeagent
Dec  6 08:09:53 epicodus-95 appstoreupdateagent[519] <Critical>: appstoreupdateagent: received XPC_TYPE_ERROR event on connection
Dec  6 08:09:54 epicodus-95 storelegacy[520] <Notice>: 
	
	
	--------------------------------------------------------- Begin --
	
	   System Version 10.11.5 (Build 15F34)
	   "storelegacy" Version ? (?)
	
	-------------------------------------------------------------------
Dec  6 08:09:54 epicodus-95 storelegacy[520] <Critical>: storelegacy: Starting up (uid = 201)...
Dec  6 08:09:54 epicodus-95 storelegacy[520] <Critical>: StoreLegacy: Sending dictionary to storeassetd: {
	    allowCriticalUpdatesDelay = 0;
	    autoInstalledUpdatesCount = 0;
	    checkUpdates = 1;
	    criticalUpdatesCount = 0;
	    criticalUpdatesRequireRestart = 0;
	    installCriticalUpdates = 0;
	    osUpdatesAvailable = 0;
	    osUpdatesCount = 0;
	    osUpdatesRequireRestart = 0;
	    updateNotificationsOnly = 1;
	}
Dec  6 08:09:55 epicodus-95 softwareupdate_notify_agent[521] <Debug>: AssertionMgr: Take com.apple.softwareupdate.NotifyAgentAssertion assertion with type BackgroundTask for pid 521
Dec  6 08:09:55 epicodus-95 softwareupdate_notify_agent[521] <Debug>: Running for UpdatesAvailable
Dec  6 08:09:55 epicodus-95 softwareupdate_notify_agent[521] <Debug>: Waiting 120 seconds before sending the notification to App Store
Dec  6 08:09:55 epicodus-95 softwareupdate_notify_agent[521] <Debug>: Running for UpdatesAvailable
Dec  6 08:09:55 epicodus-95 softwareupdate_notify_agent[521] <Debug>: Waiting 120 seconds before sending the notification to App Store
Dec  6 08:09:55 epicodus-95 softwareupdate_notify_agent[521] <Debug>: Running for UpdatesAvailable
Dec  6 08:09:55 --- last message repeated 1 time ---
Dec  6 08:09:55 epicodus-95 softwareupdate_notify_agent[521] <Debug>: Waiting 120 seconds before sending the notification to App Store
Dec  6 08:09:56 --- last message repeated 1 time ---
Dec  6 08:09:56 epicodus-95 storeassetd[454] <Critical>: SoftwareMapLegacyAppSource: Observing bag to check for legacy conversion enabling key
Dec  6 08:09:56 epicodus-95 com.apple.CDScheduler[336] <Debug>: Submitted Activity 87063198134 name:'com.apple.storeagent.SoftwareMap.periodicReload' startAfter:12/6/16, 6:09:56 PM execBefore:12/6/16, 10:09:56 PM allowOnBatt:0 userInactive:0 restartDevice:0 cpu/memIntensive:0/0
Dec  6 08:09:56 epicodus-95 com.apple.CDScheduler[336] <Debug>: lastDispatchTime:12/6/16, 8:10:08 AM
Dec  6 08:09:56 epicodus-95 storeassetd[454] <Critical>: SoftwareMapLaunchPadSource: Import of LaunchPad app list after change took 0.0038 seconds
Dec  6 08:09:56 epicodus-95 storeassetd[454] <Critical>: SoftwareMapLegacyAppSource: Bag is invalid : legacy conversion is disabled
Dec  6 08:09:56 epicodus-95 storeassetd[454] <Critical>: UpdateController: updateNotificationsOnly=true, setting updateNotificationsOnly=YES on <UpdateOperation: 0x7fb4f960cc30>
Dec  6 08:09:56 epicodus-95 storeassetd[454] <Critical>: SoftwareMap: Software map rebuild took 0.0024 seconds for 0 records and produced: {
	}
Dec  6 08:09:56 epicodus-95 storeassetd[454] <Critical>: SoftwareMapSpotlightSource: _queryDidFinish
Dec  6 08:09:56 epicodus-95 storeassetd[454] <Critical>: SoftwareMapSpotlightSource: After spotlight initial import and sync the spotlight map is: {
	}
Dec  6 08:09:56 epicodus-95 storeassetd[454] <Critical>: SoftwareMapSpotlightSource: MDQuery initial load took 0.016731 seconds to load 0 apps from 0 metadata records
Dec  6 08:09:56 epicodus-95 storeassetd[454] <Critical>: SoftwareMapLegacyAppSource: _queryDidFinish: Query mismatch, ignoring results
Dec  6 08:09:56 epicodus-95 storeassetd[454] <Critical>: SoftwareMap: Software map rebuild took 0.1085 seconds for 0 records and produced: {
	}
Dec  6 08:09:56 epicodus-95 LaterAgent[525] <Debug>: LSExceptions [0x7f8c384190e0] loaded
Dec  6 08:09:56 epicodus-95 LaterAgent[525] <Info>: [default] Using modern implementation for list: <CFString 0x7fff74428bc0 [0x7fff73256440]>{contents = "com.apple.LSSharedFileList.ApplicationRecentDocuments"}
Dec  6 08:09:56 --- last message repeated 1 time ---
Dec  6 08:09:56 epicodus-95 LaterAgent[525] <Info>: LSSharedFileListCreate Using modern implementation for list: com.apple.LSSharedFileList.ApplicationRecentDocuments
Dec  6 08:09:56 --- last message repeated 1 time ---
Dec  6 08:09:56 epicodus-95 LaterAgent[525] <Info>: [default] List identifier: <CFString 0x7fff74428bc0 [0x7fff73256440]>{contents = "com.apple.LSSharedFileList.ApplicationRecentDocuments"}
Dec  6 08:09:56 --- last message repeated 1 time ---
Dec  6 08:09:56 epicodus-95 LaterAgent[525] <Info>: -[SFLListManager listWithIdentifier:] List identifier: com.apple.LSSharedFileList.ApplicationRecentDocuments
Dec  6 08:09:56 --- last message repeated 1 time ---
Dec  6 08:09:56 epicodus-95 LaterAgent[525] <Info>: [default] Allocated list: <CFString 0x7fff74428bc0 [0x7fff73256440]>{contents = "com.apple.LSSharedFileList.ApplicationRecentDocuments"} : <SFLList: 0x7f8c3872d270>
Dec  6 08:09:56 epicodus-95 LaterAgent[525] <Info>: __37-[SFLListManager listWithIdentifier:]_block_invoke Allocated list: com.apple.LSSharedFileList.ApplicationRecentDocuments : <SFLList: 0x7f8c3872d270>
Dec  6 08:09:56 epicodus-95 sharedfilelistd[397] <Info>: [default] <CFString 0x7fd838d2e8f0 [0x7fff73256440]>{contents = "com.apple.lateragent"}[525] subscribed to list <CFString 0x7fff731edde0 [0x7fff73256440]>{contents = "com.apple.LSSharedFileList.ApplicationRecentDocuments"}
Dec  6 08:09:56 epicodus-95 sharedfilelistd[397] <Info>: -[ConnectedProcess(SFLServiceProtocol) subscribeToListWithIdentifier:reply:] com.apple.lateragent[525] subscribed to list com.apple.LSSharedFileList.ApplicationRecentDocuments
Dec  6 08:09:56 epicodus-95 sharedfilelistd[397] <Info>: [default] [com.apple.LSSharedFileList.ApplicationRecentDocuments/com.apple.lateragent] Reading list content from the store.
Dec  6 08:09:56 epicodus-95 sharedfilelistd[397] <Info>: __56-[ListStore readListWithConfiguration:properties:items:]_block_invoke [com.apple.LSSharedFileList.ApplicationRecentDocuments/com.apple.lateragent] Reading list content from the store.
