Dec  6 08:46:37 epicodus-95 sharedfilelistd[397] <Info>: [default] <CFString 0x7fd838c1e550 [0x7fff73256440]>{contents = "com.apple.dock"}[402] <CFString 0x7fd838d31990 [0x7fff73256440]>{contents = "com.apple.LSSharedFileList.RecentDocuments"} item changes (
	    "Change: SFLChangeTypeInsert item named: index.html [5B104212-6460-4BB2-809A-6FF1C1958320] - URL:file:///Users/Guest/desktop/stage-1/3-up-and-running-with-sass/lake-tahoe/index.html"
	)
Dec  6 08:46:37 epicodus-95 sharedfilelistd[397] <Info>: -[ConnectedProcess notifyChanges:toListWithIdentifier:] com.apple.dock[402] com.apple.LSSharedFileList.RecentDocuments item changes (
	    "Change: SFLChangeTypeInsert item named: index.html [5B104212-6460-4BB2-809A-6FF1C1958320] - URL:file:///Users/Guest/desktop/stage-1/3-up-and-running-with-sass/lake-tahoe/index.html"
	)
Dec  6 08:46:37 epicodus-95 sharedfilelistd[397] <Info>: [default] <CFString 0x7fd838f16960 [0x7fff73256440]>{contents = "com.github.atom"}[596] appled changes (
	    "Change: SFLChangeTypeInsert item named: index.html [5B104212-6460-4BB2-809A-6FF1C1958320] - URL:file:///Users/Guest/desktop/stage-1/3-up-and-running-with-sass/lake-tahoe/index.html"
	)
Dec  6 08:46:37 epicodus-95 Dock[402] <Info>: [default] Notified of item changes to list with identifier <CFString 0x7fdb136cd590 [0x7fff73256440]>{contents = "com.apple.LSSharedFileList.RecentDocuments"}
Dec  6 08:46:37 epicodus-95 sharedfilelistd[397] <Info>: __79-[ConnectedProcess(SFLServiceProtocol) applyChange:toListWithIdentifier:reply:]_block_invoke com.github.atom[596] appled changes (
	    "Change: SFLChangeTypeInsert item named: index.html [5B104212-6460-4BB2-809A-6FF1C1958320] - URL:file:///Users/Guest/desktop/stage-1/3-up-and-running-with-sass/lake-tahoe/index.html"
	)
Dec  6 08:46:37 epicodus-95 Dock[402] <Info>: -[SFLListManager(ServiceReplyProtocol) notifyChanges:toListWithIdentifier:] Notified of item changes to list with identifier com.apple.LSSharedFileList.RecentDocuments
Dec  6 08:46:37 epicodus-95 Atom[596] <Info>: [default] Applied changes to list with identifier <CFString 0x7fff74428960 [0x7fff73256440]>{contents = "com.apple.LSSharedFileList.RecentDocuments"}
Dec  6 08:46:37 epicodus-95 Atom[596] <Info>: __43-[SFLListManager applyChange:toList:reply:]_block_invoke169 Applied changes to list with identifier com.apple.LSSharedFileList.RecentDocuments
Dec  6 08:46:41 epicodus-95 Atom[596] <Debug>: LSExceptions [0x7fcf78c02c90] unloaded
Dec  6 08:46:41 epicodus-95 Atom Helper[601] <Debug>: LSExceptions [0x7fe781700b00] unloaded
Dec  6 08:46:42 epicodus-95 Atom[596] <Info>: [default] Apply change Change: SFLChangeTypeUpdateListProperties item named: {
	    "com.apple.LSSharedFileList.MaxAmount" = 10;
	} to list with identifier <CFString 0x7fff74428bc0 [0x7fff73256440]>{contents = "com.apple.LSSharedFileList.ApplicationRecentDocuments"}
Dec  6 08:46:42 epicodus-95 Atom[596] <Info>: __43-[SFLListManager applyChange:toList:reply:]_block_invoke Apply change Change: SFLChangeTypeUpdateListProperties item named: {
	    "com.apple.LSSharedFileList.MaxAmount" = 10;
	} to list with identifier com.apple.LSSharedFileList.ApplicationRecentDocuments
Dec  6 08:46:42 epicodus-95 sharedfilelistd[397] <Info>: [default] <CFString 0x7fd838f16960 [0x7fff73256440]>{contents = "com.github.atom"}[596] apply change Change: SFLChangeTypeUpdateListProperties item named: {
	    "com.apple.LSSharedFileList.MaxAmount" = 10;
	} to list <CFString 0x7fff731edde0 [0x7fff73256440]>{contents = "com.apple.LSSharedFileList.ApplicationRecentDocuments"}
Dec  6 08:46:42 epicodus-95 sharedfilelistd[397] <Info>: -[ConnectedProcess(SFLServiceProtocol) applyChange:toListWithIdentifier:reply:] com.github.atom[596] apply change Change: SFLChangeTypeUpdateListProperties item named: {
	    "com.apple.LSSharedFileList.MaxAmount" = 10;
	} to list com.apple.LSSharedFileList.ApplicationRecentDocuments
Dec  6 08:46:42 epicodus-95 sharedfilelistd[397] <Info>: [default] <CFString 0x7fd838c1e550 [0x7fff73256440]>{contents = "com.apple.dock"}[402] com.apple.LSSharedFileList.ApplicationRecentDocuments/com.github.atom item changes (
	    "Change: SFLChangeTypeUpdateListProperties item named: {\n    \"com.apple.LSSharedFileList.MaxAmount\" = 10;\n}"
	)
Dec  6 08:46:42 epicodus-95 sharedfilelistd[397] <Info>: -[ConnectedProcess notifyChanges:toListWithIdentifier:] com.apple.dock[402] com.apple.LSSharedFileList.ApplicationRecentDocuments/com.github.atom item changes (
	    "Change: SFLChangeTypeUpdateListProperties item named: {\n    \"com.apple.LSSharedFileList.MaxAmount\" = 10;\n}"
	)
Dec  6 08:46:42 epicodus-95 sharedfilelistd[397] <Info>: [default] <CFString 0x7fd838f16960 [0x7fff73256440]>{contents = "com.github.atom"}[596] appled changes (
	    "Change: SFLChangeTypeUpdateListProperties item named: {\n    \"com.apple.LSSharedFileList.MaxAmount\" = 10;\n}"
	)
Dec  6 08:46:42 epicodus-95 Dock[402] <Info>: [default] Notified of item changes to list with identifier <CFString 0x7fdb136cd710 [0x7fff73256440]>{contents = "com.apple.LSSharedFileList.ApplicationRecentDocuments/com.github.atom"}
Dec  6 08:46:42 epicodus-95 sharedfilelistd[397] <Info>: __79-[ConnectedProcess(SFLServiceProtocol) applyChange:toListWithIdentifier:reply:]_block_invoke com.github.atom[596] appled changes (
	    "Change: SFLChangeTypeUpdateListProperties item named: {\n    \"com.apple.LSSharedFileList.MaxAmount\" = 10;\n}"
	)
Dec  6 08:46:42 epicodus-95 Dock[402] <Info>: -[SFLListManager(ServiceReplyProtocol) notifyChanges:toListWithIdentifier:] Notified of item changes to list with identifier com.apple.LSSharedFileList.ApplicationRecentDocuments/com.github.atom
Dec  6 08:46:42 epicodus-95 Atom[596] <Info>: [default] Applied changes to list with identifier <CFString 0x7fff74428bc0 [0x7fff73256440]>{contents = "com.apple.LSSharedFileList.ApplicationRecentDocuments"}
Dec  6 08:46:42 epicodus-95 Atom[596] <Info>: __43-[SFLListManager applyChange:toList:reply:]_block_invoke169 Applied changes to list with identifier com.apple.LSSharedFileList.ApplicationRecentDocuments
Dec  6 08:46:42 epicodus-95 Atom[596] <Info>: [default] Apply change Change: SFLChangeTypeInsert item named: style.css [37F60EA4-2025-4F6E-917A-C11731ED168F] - URL:file:///Users/Guest/desktop/stage-1/3-up-and-running-with-sass/lake-tahoe/css/style.css to list with identifier <CFString 0x7fff74428bc0 [0x7fff73256440]>{contents = "com.apple.LSSharedFileList.ApplicationRecentDocuments"}
Dec  6 08:46:42 epicodus-95 Atom[596] <Info>: __43-[SFLListManager applyChange:toList:reply:]_block_invoke Apply change Change: SFLChangeTypeInsert item named: style.css [37F60EA4-2025-4F6E-917A-C11731ED168F] - URL:file:///Users/Guest/desktop/stage-1/3-up-and-running-with-sass/lake-tahoe/css/style.css to list with identifier com.apple.LSSharedFileList.ApplicationRecentDocuments
Dec  6 08:46:42 epicodus-95 sharedfilelistd[397] <Info>: [default] <CFString 0x7fd838f16960 [0x7fff73256440]>{contents = "com.github.atom"}[596] apply change Change: SFLChangeTypeInsert item named: style.css [37F60EA4-2025-4F6E-917A-C11731ED168F] - URL:file:///Users/Guest/desktop/stage-1/3-up-and-running-with-sass/lake-tahoe/css/style.css to list <CFString 0x7fff731edde0 [0x7fff73256440]>{contents = "com.apple.LSSharedFileList.ApplicationRecentDocuments"}
Dec  6 08:46:42 epicodus-95 sharedfilelistd[397] <Info>: -[ConnectedProcess(SFLServiceProtocol) applyChange:toListWithIdentifier:reply:] com.github.atom[596] apply change Change: SFLChangeTypeInsert item named: style.css [37F60EA4-2025-4F6E-917A-C11731ED168F] - URL:file:///Users/Guest/desktop/stage-1/3-up-and-running-with-sass/lake-tahoe/css/style.css to list com.apple.LSSharedFileList.ApplicationRecentDocuments
Dec  6 08:46:42 epicodus-95 sharedfilelistd[397] <Info>: [default] <CFString 0x7fd838c1e550 [0x7fff73256440]>{contents = "com.apple.dock"}[402] com.apple.LSSharedFileList.ApplicationRecentDocuments/com.github.atom item changes (
	    "Change: SFLChangeTypeInsert item named: style.css [37F60EA4-2025-4F6E-917A-C11731ED168F] - URL:file:///Users/Guest/desktop/stage-1/3-up-and-running-with-sass/lake-tahoe/css/style.css"
	)
Dec  6 08:46:42 epicodus-95 sharedfilelistd[397] <Info>: -[ConnectedProcess notifyChanges:toListWithIdentifier:] com.apple.dock[402] com.apple.LSSharedFileList.ApplicationRecentDocuments/com.github.atom item changes (
	    "Change: SFLChangeTypeInsert item named: style.css [37F60EA4-2025-4F6E-917A-C11731ED168F] - URL:file:///Users/Guest/desktop/stage-1/3-up-and-running-with-sass/lake-tahoe/css/style.css"
	)
Dec  6 08:46:42 epicodus-95 sharedfilelistd[397] <Info>: [default] <CFString 0x7fd838f16960 [0x7fff73256440]>{contents = "com.github.atom"}[596] appled changes (
	    "Change: SFLChangeTypeInsert item named: style.css [37F60EA4-2025-4F6E-917A-C11731ED168F] - URL:file:///Users/Guest/desktop/stage-1/3-up-and-running-with-sass/lake-tahoe/css/style.css"
	)
Dec  6 08:46:42 epicodus-95 Dock[402] <Info>: [default] Notified of item changes to list with identifier <CFString 0x7fdb13412fe0 [0x7fff73256440]>{contents = "com.apple.LSSharedFileList.ApplicationRecentDocuments/com.github.atom"}
Dec  6 08:46:42 epicodus-95 sharedfilelistd[397] <Info>: __79-[ConnectedProcess(SFLServiceProtocol) applyChange:toListWithIdentifier:reply:]_block_invoke com.github.atom[596] appled changes (
	    "Change: SFLChangeTypeInsert item named: style.css [37F60EA4-2025-4F6E-917A-C11731ED168F] - URL:file:///Users/Guest/desktop/stage-1/3-up-and-running-with-sass/lake-tahoe/css/style.css"
	)
Dec  6 08:46:42 epicodus-95 Dock[402] <Info>: -[SFLListManager(ServiceReplyProtocol) notifyChanges:toListWithIdentifier:] Notified of item changes to list with identifier com.apple.LSSharedFileList.ApplicationRecentDocuments/com.github.atom
Dec  6 08:46:42 epicodus-95 Atom[596] <Info>: [default] Applied changes to list with identifier <CFString 0x7fff74428bc0 [0x7fff73256440]>{contents = "com.apple.LSSharedFileList.ApplicationRecentDocuments"}
Dec  6 08:46:42 epicodus-95 Atom[596] <Info>: __43-[SFLListManager applyChange:toList:reply:]_block_invoke169 Applied changes to list with identifier com.apple.LSSharedFileList.ApplicationRecentDocuments
Dec  6 08:46:42 epicodus-95 Atom[596] <Info>: [default] Using modern implementation for list: <CFString 0x7fff74428960 [0x7fff73256440]>{contents = "com.apple.LSSharedFileList.RecentDocuments"}
Dec  6 08:46:42 epicodus-95 Atom[596] <Info>: LSSharedFileListCreate Using modern implementation for list: com.apple.LSSharedFileList.RecentDocuments
Dec  6 08:46:42 epicodus-95 Atom[596] <Info>: [default] List identifier: <CFString 0x7fff74428960 [0x7fff73256440]>{contents = "com.apple.LSSharedFileList.RecentDocuments"}
Dec  6 08:46:42 epicodus-95 Atom[596] <Info>: -[SFLListManager listWithIdentifier:] List identifier: com.apple.LSSharedFileList.RecentDocuments
Dec  6 08:46:42 epicodus-95 Atom[596] <Info>: [default] Apply change Change: SFLChangeTypeInsert item named: style.css [99F985DF-EEDD-4698-9B33-C0709F79972F] - URL:file:///Users/Guest/desktop/stage-1/3-up-and-running-with-sass/lake-tahoe/css/style.css to list with identifier <CFString 0x7fff74428960 [0x7fff73256440]>{contents = "com.apple.LSSharedFileList.RecentDocuments"}
Dec  6 08:46:42 epicodus-95 Atom[596] <Info>: __43-[SFLListManager applyChange:toList:reply:]_block_invoke Apply change Change: SFLChangeTypeInsert item named: style.css [99F985DF-EEDD-4698-9B33-C0709F79972F] - URL:file:///Users/Guest/desktop/stage-1/3-up-and-running-with-sass/lake-tahoe/css/style.css to list with identifier com.apple.LSSharedFileList.RecentDocuments
Dec  6 08:46:42 epicodus-95 sharedfilelistd[397] <Info>: [default] <CFString 0x7fd838f16960 [0x7fff73256440]>{contents = "com.github.atom"}[596] apply change Change: SFLChangeTypeInsert item named: style.css [99F985DF-EEDD-4698-9B33-C0709F79972F] - URL:file:///Users/Guest/desktop/stage-1/3-up-and-running-with-sass/lake-tahoe/css/style.css to list <CFString 0x7fd838f0a4c0 [0x7fff73256440]>{contents = "com.apple.LSSharedFileList.RecentDocuments"}
Dec  6 08:46:42 epicodus-95 sharedfilelistd[397] <Info>: -[ConnectedProcess(SFLServiceProtocol) applyChange:toListWithIdentifier:reply:] com.github.atom[596] apply change Change: SFLChangeTypeInsert item named: style.css [99F985DF-EEDD-4698-9B33-C0709F79972F] - URL:file:///Users/Guest/desktop/stage-1/3-up-and-running-with-sass/lake-tahoe/css/style.css to list com.apple.LSSharedFileList.RecentDocuments
Dec  6 08:46:42 epicodus-95 sharedfilelistd[397] <Info>: [default] <CFString 0x7fd838c1e550 [0x7fff73256440]>{contents = "com.apple.dock"}[402] <CFString 0x7fd838d31990 [0x7fff73256440]>{contents = "com.apple.LSSharedFileList.RecentDocuments"} item changes (
	    "Change: SFLChangeTypeInsert item named: style.css [99F985DF-EEDD-4698-9B33-C0709F79972F] - URL:file:///Users/Guest/desktop/stage-1/3-up-and-running-with-sass/lake-tahoe/css/style.css"
	)
Dec  6 08:46:42 epicodus-95 sharedfilelistd[397] <Info>: -[ConnectedProcess notifyChanges:toListWithIdentifier:] com.apple.dock[402] com.apple.LSSharedFileList.RecentDocuments item changes (
	    "Change: SFLChangeTypeInsert item named: style.css [99F985DF-EEDD-4698-9B33-C0709F79972F] - URL:file:///Users/Guest/desktop/stage-1/3-up-and-running-with-sass/lake-tahoe/css/style.css"
	)
Dec  6 08:46:42 epicodus-95 sharedfilelistd[397] <Info>: [default] <CFString 0x7fd838f16960 [0x7fff73256440]>{contents = "com.github.atom"}[596] appled changes (
	    "Change: SFLChangeTypeInsert item named: style.css [99F985DF-EEDD-4698-9B33-C0709F79972F] - URL:file:///Users/Guest/desktop/stage-1/3-up-and-running-with-sass/lake-tahoe/css/style.css"
	)
Dec  6 08:46:42 epicodus-95 Dock[402] <Info>: [default] Notified of item changes to list with identifier <CFString 0x7fdb1343b650 [0x7fff73256440]>{contents = "com.apple.LSSharedFileList.RecentDocuments"}
Dec  6 08:46:42 epicodus-95 sharedfilelistd[397] <Info>: __79-[ConnectedProcess(SFLServiceProtocol) applyChange:toListWithIdentifier:reply:]_block_invoke com.github.atom[596] appled changes (
	    "Change: SFLChangeTypeInsert item named: style.css [99F985DF-EEDD-4698-9B33-C0709F79972F] - URL:file:///Users/Guest/desktop/stage-1/3-up-and-running-with-sass/lake-tahoe/css/style.css"
	)
Dec  6 08:46:42 epicodus-95 Dock[402] <Info>: -[SFLListManager(ServiceReplyProtocol) notifyChanges:toListWithIdentifier:] Notified of item changes to list with identifier com.apple.LSSharedFileList.RecentDocuments
Dec  6 08:46:42 epicodus-95 Atom[596] <Info>: [default] Applied changes to list with identifier <CFString 0x7fff74428960 [0x7fff73256440]>{contents = "com.apple.LSSharedFileList.RecentDocuments"}
Dec  6 08:46:42 epicodus-95 Atom[596] <Info>: __43-[SFLListManager applyChange:toList:reply:]_block_invoke169 Applied changes to list with identifier com.apple.LSSharedFileList.RecentDocuments
Dec  6 08:46:49 epicodus-95 Atom[596] <Info>: [default] Apply change Change: SFLChangeTypeUpdateListProperties item named: {
	    "com.apple.LSSharedFileList.MaxAmount" = 10;
	} to list with identifier <CFString 0x7fff74428bc0 [0x7fff73256440]>{contents = "com.apple.LSSharedFileList.ApplicationRecentDocuments"}
Dec  6 08:46:49 epicodus-95 Atom[596] <Info>: __43-[SFLListManager applyChange:toList:reply:]_block_invoke Apply change Change: SFLChangeTypeUpdateListProperties item named: {
	    "com.apple.LSSharedFileList.MaxAmount" = 10;
	} to list with identifier com.apple.LSSharedFileList.ApplicationRecentDocuments
Dec  6 08:46:49 epicodus-95 sharedfilelistd[397] <Info>: [default] <CFString 0x7fd838f16960 [0x7fff73256440]>{contents = "com.github.atom"}[596] apply change Change: SFLChangeTypeUpdateListProperties item named: {
	    "com.apple.LSSharedFileList.MaxAmount" = 10;
	} to list <CFString 0x7fff731edde0 [0x7fff73256440]>{contents = "com.apple.LSSharedFileList.ApplicationRecentDocuments"}
Dec  6 08:46:49 epicodus-95 sharedfilelistd[397] <Info>: -[ConnectedProcess(SFLServiceProtocol) applyChange:toListWithIdentifier:reply:] com.github.atom[596] apply change Change: SFLChangeTypeUpdateListProperties item named: {
	    "com.apple.LSSharedFileList.MaxAmount" = 10;
	} to list com.apple.LSSharedFileList.ApplicationRecentDocuments
Dec  6 08:46:49 epicodus-95 sharedfilelistd[397] <Info>: [default] <CFString 0x7fd838c1e550 [0x7fff73256440]>{contents = "com.apple.dock"}[402] com.apple.LSSharedFileList.ApplicationRecentDocuments/com.github.atom item changes (
	    "Change: SFLChangeTypeUpdateListProperties item named: {\n    \"com.apple.LSSharedFileList.MaxAmount\" = 10;\n}"
	)
Dec  6 08:46:49 epicodus-95 sharedfilelistd[397] <Info>: -[ConnectedProcess notifyChanges:toListWithIdentifier:] com.apple.dock[402] com.apple.LSSharedFileList.ApplicationRecentDocuments/com.github.atom item changes (
	    "Change: SFLChangeTypeUpdateListProperties item named: {\n    \"com.apple.LSSharedFileList.MaxAmount\" = 10;\n}"
	)
Dec  6 08:46:49 epicodus-95 sharedfilelistd[397] <Info>: [default] <CFString 0x7fd838f16960 [0x7fff73256440]>{contents = "com.github.atom"}[596] appled changes (
	    "Change: SFLChangeTypeUpdateListProperties item named: {\n    \"com.apple.LSSharedFileList.MaxAmount\" = 10;\n}"
	)
Dec  6 08:46:49 epicodus-95 sharedfilelistd[397] <Info>: __79-[ConnectedProcess(SFLServiceProtocol) applyChange:toListWithIdentifier:reply:]_block_invoke com.github.atom[596] appled changes (
	    "Change: SFLChangeTypeUpdateListProperties item named: {\n    \"com.apple.LSSharedFileList.MaxAmount\" = 10;\n}"
	)
Dec  6 08:46:49 epicodus-95 Dock[402] <Info>: [default] Notified of item changes to list with identifier <CFString 0x7fdb135091f0 [0x7fff73256440]>{contents = "com.apple.LSSharedFileList.ApplicationRecentDocuments/com.github.atom"}
Dec  6 08:46:49 epicodus-95 Dock[402] <Info>: -[SFLListManager(ServiceReplyProtocol) notifyChanges:toListWithIdentifier:] Notified of item changes to list with identifier com.apple.LSSharedFileList.ApplicationRecentDocuments/com.github.atom
Dec  6 08:46:49 epicodus-95 Atom[596] <Info>: [default] Applied changes to list with identifier <CFString 0x7fff74428bc0 [0x7fff73256440]>{contents = "com.apple.LSSharedFileList.ApplicationRecentDocuments"}
Dec  6 08:46:49 epicodus-95 Atom[596] <Info>: __43-[SFLListManager applyChange:toList:reply:]_block_invoke169 Applied changes to list with identifier com.apple.LSSharedFileList.ApplicationRecentDocuments
Dec  6 08:46:49 epicodus-95 Atom[596] <Info>: [default] Apply change Change: SFLChangeTypeInsert item named: index.html [D81F5B87-99F7-4EFD-B66B-9CEC0329F0C3] - URL:file:///Users/Guest/desktop/stage-1/3-up-and-running-with-sass/lake-tahoe/index.html to list with identifier <CFString 0x7fff74428bc0 [0x7fff73256440]>{contents = "com.apple.LSSharedFileList.ApplicationRecentDocuments"}
Dec  6 08:46:49 epicodus-95 Atom[596] <Info>: __43-[SFLListManager applyChange:toList:reply:]_block_invoke Apply change Change: SFLChangeTypeInsert item named: index.html [D81F5B87-99F7-4EFD-B66B-9CEC0329F0C3] - URL:file:///Users/Guest/desktop/stage-1/3-up-and-running-with-sass/lake-tahoe/index.html to list with identifier com.apple.LSSharedFileList.ApplicationRecentDocuments
Dec  6 08:46:49 epicodus-95 sharedfilelistd[397] <Info>: [default] <CFString 0x7fd838f16960 [0x7fff73256440]>{contents = "com.github.atom"}[596] apply change Change: SFLChangeTypeInsert item named: index.html [D81F5B87-99F7-4EFD-B66B-9CEC0329F0C3] - URL:file:///Users/Guest/desktop/stage-1/3-up-and-running-with-sass/lake-tahoe/index.html to list <CFString 0x7fff731edde0 [0x7fff73256440]>{contents = "com.apple.LSSharedFileList.ApplicationRecentDocuments"}
Dec  6 08:46:49 epicodus-95 sharedfilelistd[397] <Info>: -[ConnectedProcess(SFLServiceProtocol) applyChange:toListWithIdentifier:reply:] com.github.atom[596] apply change Change: SFLChangeTypeInsert item named: index.html [D81F5B87-99F7-4EFD-B66B-9CEC0329F0C3] - URL:file:///Users/Guest/desktop/stage-1/3-up-and-running-with-sass/lake-tahoe/index.html to list com.apple.LSSharedFileList.ApplicationRecentDocuments
Dec  6 08:46:49 epicodus-95 sharedfilelistd[397] <Info>: [default] <CFString 0x7fd838c1e550 [0x7fff73256440]>{contents = "com.apple.dock"}[402] com.apple.LSSharedFileList.ApplicationRecentDocuments/com.github.atom item changes (
	    "Change: SFLChangeTypeRemove item named: index.html [5663E2E1-6EE5-4379-9BD3-9F069E83B223] - URL:file:///Users/Guest/desktop/stage-1/3-up-and-running-with-sass/lake-tahoe/index.html",
	    "Change: SFLChangeTypeInsert item named: index.html [D81F5B87-99F7-4EFD-B66B-9CEC0329F0C3] - URL:file:///Users/Guest/desktop/stage-1/3-up-and-running-with-sass/lake-tahoe/index.html"
	)
Dec  6 08:46:49 epicodus-95 sharedfilelistd[397] <Info>: -[ConnectedProcess notifyChanges:toListWithIdentifier:] com.apple.dock[402] com.apple.LSSharedFileList.ApplicationRecentDocuments/com.github.atom item changes (
	    "Change: SFLChangeTypeRemove item named: index.html [5663E2E1-6EE5-4379-9BD3-9F069E83B223] - URL:file:///Users/Guest/desktop/stage-1/3-up-and-running-with-sass/lake-tahoe/index.html",
	    "Change: SFLChangeTypeInsert item named: index.html [D81F5B87-99F7-4EFD-B66B-9CEC0329F0C3] - URL:file:///Users/Guest/desktop/stage-1/3-up-and-running-with-sass/lake-tahoe/index.html"
	)
Dec  6 08:46:49 epicodus-95 sharedfilelistd[397] <Info>: [default] <CFString 0x7fd838f16960 [0x7fff73256440]>{contents = "com.github.atom"}[596] appled changes (
	    "Change: SFLChangeTypeRemove item named: index.html [5663E2E1-6EE5-4379-9BD3-9F069E83B223] - URL:file:///Users/Guest/desktop/stage-1/3-up-and-running-with-sass/lake-tahoe/index.html",
	    "Change: SFLChangeTypeInsert item named: index.html [D81F5B87-99F7-4EFD-B66B-9CEC0329F0C3] - URL:file:///Users/Guest/desktop/stage-1/3-up-and-running-with-sass/lake-tahoe/index.html"
	)
Dec  6 08:46:49 epicodus-95 Dock[402] <Info>: [default] Notified of item changes to list with identifier <CFString 0x7fdb134134d0 [0x7fff73256440]>{contents = "com.apple.LSSharedFileList.ApplicationRecentDocuments/com.github.atom"}
Dec  6 08:46:49 epicodus-95 sharedfilelistd[397] <Info>: __79-[ConnectedProcess(SFLServiceProtocol) applyChange:toListWithIdentifier:reply:]_block_invoke com.github.atom[596] appled changes (
	    "Change: SFLChangeTypeRemove item named: index.html [5663E2E1-6EE5-4379-9BD3-9F069E83B223] - URL:file:///Users/Guest/desktop/stage-1/3-up-and-running-with-sass/lake-tahoe/index.html",
	    "Change: SFLChangeTypeInsert item named: index.html [D81F5B87-99F7-4EFD-B66B-9CEC0329F0C3] - URL:file:///Users/Guest/desktop/stage-1/3-up-and-running-with-sass/lake-tahoe/index.html"
	)
Dec  6 08:46:49 epicodus-95 Dock[402] <Info>: -[SFLListManager(ServiceReplyProtocol) notifyChanges:toListWithIdentifier:] Notified of item changes to list with identifier com.apple.LSSharedFileList.ApplicationRecentDocuments/com.github.atom
Dec  6 08:46:49 epicodus-95 Atom[596] <Info>: [default] Applied changes to list with identifier <CFString 0x7fff74428bc0 [0x7fff73256440]>{contents = "com.apple.LSSharedFileList.ApplicationRecentDocuments"}
Dec  6 08:46:49 epicodus-95 Atom[596] <Info>: __43-[SFLListManager applyChange:toList:reply:]_block_invoke169 Applied changes to list with identifier com.apple.LSSharedFileList.ApplicationRecentDocuments
Dec  6 08:46:49 epicodus-95 Atom[596] <Info>: [default] Using modern implementation for list: <CFString 0x7fff74428960 [0x7fff73256440]>{contents = "com.apple.LSSharedFileList.RecentDocuments"}
Dec  6 08:46:49 epicodus-95 Atom[596] <Info>: LSSharedFileListCreate Using modern implementation for list: com.apple.LSSharedFileList.RecentDocuments
Dec  6 08:46:49 epicodus-95 Atom[596] <Info>: [default] List identifier: <CFString 0x7fff74428960 [0x7fff73256440]>{contents = "com.apple.LSSharedFileList.RecentDocuments"}
Dec  6 08:46:49 epicodus-95 Atom[596] <Info>: -[SFLListManager listWithIdentifier:] List identifier: com.apple.LSSharedFileList.RecentDocuments
Dec  6 08:46:49 epicodus-95 Atom[596] <Info>: [default] Apply change Change: SFLChangeTypeInsert item named: index.html [7359FB5E-D115-4174-8BA0-D25B8ABB0CD3] - URL:file:///Users/Guest/desktop/stage-1/3-up-and-running-with-sass/lake-tahoe/index.html to list with identifier <CFString 0x7fff74428960 [0x7fff73256440]>{contents = "com.apple.LSSharedFileList.RecentDocuments"}
Dec  6 08:46:49 epicodus-95 Atom[596] <Info>: __43-[SFLListManager applyChange:toList:reply:]_block_invoke Apply change Change: SFLChangeTypeInsert item named: index.html [7359FB5E-D115-4174-8BA0-D25B8ABB0CD3] - URL:file:///Users/Guest/desktop/stage-1/3-up-and-running-with-sass/lake-tahoe/index.html to list with identifier com.apple.LSSharedFileList.RecentDocuments
Dec  6 08:46:49 epicodus-95 sharedfilelistd[397] <Info>: [default] <CFString 0x7fd838f16960 [0x7fff73256440]>{contents = "com.github.atom"}[596] apply change Change: SFLChangeTypeInsert item named: index.html [7359FB5E-D115-4174-8BA0-D25B8ABB0CD3] - URL:file:///Users/Guest/desktop/stage-1/3-up-and-running-with-sass/lake-tahoe/index.html to list <CFString 0x7fd838d0b780 [0x7fff73256440]>{contents = "com.apple.LSSharedFileList.RecentDocuments"}
Dec  6 08:46:49 epicodus-95 sharedfilelistd[397] <Info>: -[ConnectedProcess(SFLServiceProtocol) applyChange:toListWithIdentifier:reply:] com.github.atom[596] apply change Change: SFLChangeTypeInsert item named: index.html [7359FB5E-D115-4174-8BA0-D25B8ABB0CD3] - URL:file:///Users/Guest/desktop/stage-1/3-up-and-running-with-sass/lake-tahoe/index.html to list com.apple.LSSharedFileList.RecentDocuments
Dec  6 08:46:49 epicodus-95 sharedfilelistd[397] <Info>: [default] <CFString 0x7fd838c1e550 [0x7fff73256440]>{contents = "com.apple.dock"}[402] <CFString 0x7fd838d31990 [0x7fff73256440]>{contents = "com.apple.LSSharedFileList.RecentDocuments"} item changes (
	    "Change: SFLChangeTypeRemove item named: index.html [5B104212-6460-4BB2-809A-6FF1C1958320] - URL:file:///Users/Guest/desktop/stage-1/3-up-and-running-with-sass/lake-tahoe/index.html",
	    "Change: SFLChangeTypeInsert item named: index.html [7359FB5E-D115-4174-8BA0-D25B8ABB0CD3] - URL:file:///Users/Guest/desktop/stage-1/3-up-and-running-with-sass/lake-tahoe/index.html"
	)
Dec  6 08:46:49 epicodus-95 sharedfilelistd[397] <Info>: -[ConnectedProcess notifyChanges:toListWithIdentifier:] com.apple.dock[402] com.apple.LSSharedFileList.RecentDocuments item changes (
	    "Change: SFLChangeTypeRemove item named: index.html [5B104212-6460-4BB2-809A-6FF1C1958320] - URL:file:///Users/Guest/desktop/stage-1/3-up-and-running-with-sass/lake-tahoe/index.html",
	    "Change: SFLChangeTypeInsert item named: index.html [7359FB5E-D115-4174-8BA0-D25B8ABB0CD3] - URL:file:///Users/Guest/desktop/stage-1/3-up-and-running-with-sass/lake-tahoe/index.html"
	)
Dec  6 08:46:49 epicodus-95 sharedfilelistd[397] <Info>: [default] <CFString 0x7fd838f16960 [0x7fff73256440]>{contents = "com.github.atom"}[596] appled changes (
	    "Change: SFLChangeTypeRemove item named: index.html [5B104212-6460-4BB2-809A-6FF1C1958320] - URL:file:///Users/Guest/desktop/stage-1/3-up-and-running-with-sass/lake-tahoe/index.html",
	    "Change: SFLChangeTypeInsert item named: index.html [7359FB5E-D115-4174-8BA0-D25B8ABB0CD3] - URL:file:///Users/Guest/desktop/stage-1/3-up-and-running-with-sass/lake-tahoe/index.html"
	)
Dec  6 08:46:49 epicodus-95 sharedfilelistd[397] <Info>: __79-[ConnectedProcess(SFLServiceProtocol) applyChange:toListWithIdentifier:reply:]_block_invoke com.github.atom[596] appled changes (
	    "Change: SFLChangeTypeRemove item named: index.html [5B104212-6460-4BB2-809A-6FF1C1958320] - URL:file:///Users/Guest/desktop/stage-1/3-up-and-running-with-sass/lake-tahoe/index.html",
	    "Change: SFLChangeTypeInsert item named: index.html [7359FB5E-D115-4174-8BA0-D25B8ABB0CD3] - URL:file:///Users/Guest/desktop/stage-1/3-up-and-running-with-sass/lake-tahoe/index.html"
	)
Dec  6 08:46:49 epicodus-95 Dock[402] <Info>: [default] Notified of item changes to list with identifier <CFString 0x7fdb13514bf0 [0x7fff73256440]>{contents = "com.apple.LSSharedFileList.RecentDocuments"}
Dec  6 08:46:49 epicodus-95 Dock[402] <Info>: -[SFLListManager(ServiceReplyProtocol) notifyChanges:toListWithIdentifier:] Notified of item changes to list with identifier com.apple.LSSharedFileList.RecentDocuments
Dec  6 08:46:49 epicodus-95 Atom[596] <Info>: [default] Applied changes to list with identifier <CFString 0x7fff74428960 [0x7fff73256440]>{contents = "com.apple.LSSharedFileList.RecentDocuments"}
Dec  6 08:46:49 epicodus-95 Atom[596] <Info>: __43-[SFLListManager applyChange:toList:reply:]_block_invoke169 Applied changes to list with identifier com.apple.LSSharedFileList.RecentDocuments
Dec  6 08:48:03 epicodus-95 Finder[405] <Info>: SFBrowserGetRootNode (browser = 0x7fae6052ebc0)
Dec  6 08:48:03 epicodus-95 Finder[405] <Info>: SFBrowserCloseNode (browser = 0x7fae6052ebc0, node = 0x7fae6052eca0)
Dec  6 08:48:03 epicodus-95 sharingd[385] <Info>: [default] List identifier: <CFString 0x7fff74428ae0 [0x7fff73256440]>{contents = "com.apple.LSSharedFileList.RecentHosts"}
Dec  6 08:48:03 epicodus-95 sharingd[385] <Info>: -[SFLListManager removeList:] List identifier: com.apple.LSSharedFileList.RecentHosts
Dec  6 08:48:03 epicodus-95 sharingd[385] <Info>: [default] Unsubscribe from list with identifier <CFString 0x7fff74428ae0 [0x7fff73256440]>{contents = "com.apple.LSSharedFileList.RecentHosts"}
Dec  6 08:48:03 epicodus-95 sharingd[385] <Info>: __29-[SFLListManager removeList:]_block_invoke Unsubscribe from list with identifier com.apple.LSSharedFileList.RecentHosts
Dec  6 08:48:03 epicodus-95 sharedfilelistd[397] <Info>: [default] <CFString 0x7fd838f08de0 [0x7fff73256440]>{contents = "com.apple.sharingd"}[385] unsubscribed from list <CFString 0x7fd838d40930 [0x7fff73256440]>{contents = "com.apple.LSSharedFileList.RecentHosts"}
Dec  6 08:48:03 epicodus-95 sharedfilelistd[397] <Info>: -[ConnectedProcess(SFLServiceProtocol) unsubscribeToListWithIdentifier:] com.apple.sharingd[385] unsubscribed from list com.apple.LSSharedFileList.RecentHosts
Dec  6 08:48:05 epicodus-95 Finder[405] <Info>: SFBrowserGetRootNode (browser = 0x7fae6052ebc0)
Dec  6 08:48:05 epicodus-95 Finder[405] <Info>: SFBrowserOpenNode (browser = 0x7fae6052ebc0, node = 0x7fae6052eca0)
Dec  6 08:48:05 epicodus-95 sharingd[385] <Info>: [default] Using modern implementation for list: <CFString 0x7fff74428ae0 [0x7fff73256440]>{contents = "com.apple.LSSharedFileList.RecentHosts"}
Dec  6 08:48:05 epicodus-95 sharingd[385] <Info>: LSSharedFileListCreate Using modern implementation for list: com.apple.LSSharedFileList.RecentHosts
Dec  6 08:48:05 epicodus-95 sharingd[385] <Info>: [default] List identifier: <CFString 0x7fff74428ae0 [0x7fff73256440]>{contents = "com.apple.LSSharedFileList.RecentHosts"}
Dec  6 08:48:05 epicodus-95 sharingd[385] <Info>: -[SFLListManager listWithIdentifier:] List identifier: com.apple.LSSharedFileList.RecentHosts
Dec  6 08:48:05 epicodus-95 sharingd[385] <Info>: [default] Allocated list: <CFString 0x7fff74428ae0 [0x7fff73256440]>{contents = "com.apple.LSSharedFileList.RecentHosts"} : <SFLList: 0x7f80c24974e0>
Dec  6 08:48:05 epicodus-95 sharingd[385] <Info>: __37-[SFLListManager listWithIdentifier:]_block_invoke Allocated list: com.apple.LSSharedFileList.RecentHosts : <SFLList: 0x7f80c24974e0>
Dec  6 08:48:05 epicodus-95 sharingd[385] <Info>: [default] Using legacy implementation for list: <CFString 0x7fff74428ba0 [0x7fff73256440]>{contents = "com.apple.LSSharedFileList.ManagedShared"}
Dec  6 08:48:05 epicodus-95 sharingd[385] <Info>: LSSharedFileListCreate Using legacy implementation for list: com.apple.LSSharedFileList.ManagedShared
Dec  6 08:48:05 epicodus-95 sharedfilelistd[397] <Info>: [default] <CFString 0x7fd838f08de0 [0x7fff73256440]>{contents = "com.apple.sharingd"}[385] subscribed to list <CFString 0x7fd838c0ce90 [0x7fff73256440]>{contents = "com.apple.LSSharedFileList.RecentHosts"}
Dec  6 08:48:05 epicodus-95 sharedfilelistd[397] <Info>: -[ConnectedProcess(SFLServiceProtocol) subscribeToListWithIdentifier:reply:] com.apple.sharingd[385] subscribed to list com.apple.LSSharedFileList.RecentHosts
Dec  6 08:48:05 epicodus-95 sharedfilelistd[397] <Info>: [default] [<CFString 0x7fd838f0aa90 [0x7fff73256440]>{contents = "com.apple.LSSharedFileList.RecentHosts"}] Reading list content from the store.
Dec  6 08:48:05 epicodus-95 sharedfilelistd[397] <Info>: __56-[ListStore readListWithConfiguration:properties:items:]_block_invoke [com.apple.LSSharedFileList.RecentHosts] Reading list content from the store.
Dec  6 08:48:05 epicodus-95 sharingd[385] <Info>: [default] Received state for list identifier: <CFString 0x7fff74428ae0 [0x7fff73256440]>{contents = "com.apple.LSSharedFileList.RecentHosts"}
Dec  6 08:48:05 epicodus-95 sharingd[385] <Info>: __37-[SFLListManager listWithIdentifier:]_block_invoke109 Received state for list identifier: com.apple.LSSharedFileList.RecentHosts
Dec  6 08:48:05 epicodus-95 sharingd[385] <Info>: [default] Notifying observers for list <CFString 0x7fff74428ae0 [0x7fff73256440]>{contents = "com.apple.LSSharedFileList.RecentHosts"}
Dec  6 08:48:05 epicodus-95 sharingd[385] <Info>: -[SFLListObserver notify] Notifying observers for list com.apple.LSSharedFileList.RecentHosts
Dec  6 08:48:05 epicodus-95 Finder[405] <Info>: SFBrowserGetRootNode (browser = 0x7fae6052ebc0)
Dec  6 08:48:05 --- last message repeated 1 time ---
Dec  6 08:48:05 epicodus-95 Finder[405] <Info>: SFBrowserCopyChildren (browser = 0x7fae6052ebc0, node = 0x7fae6052eca0)
Dec  6 08:48:05 epicodus-95 Finder[405] <Info>: SFBrowserGetRootNode (browser = 0x7fae6052ebc0)
Dec  6 08:48:05 epicodus-95 Finder[405] <Info>: SFBrowserCopySidebarChildren (browser = 0x7fae6052ebc0)
Dec  6 08:50:06 epicodus-95 Google Chrome Helper[617] <Debug>: LSExceptions [0x7f87fa710150] loaded
Dec  6 08:50:17 epicodus-95 Google Chrome Helper[617] <Debug>: LSExceptions [0x7f87fa710150] unloaded
Dec  6 08:50:30 epicodus-95 open[622] <Debug>: LSExceptions [0x7fd098e00b80] loaded
Dec  6 08:50:30 epicodus-95 Dock[402] <Info>: [default] Using modern implementation for list: <CFString 0x7fff74428bc0 [0x7fff73256440]>{contents = "com.apple.LSSharedFileList.ApplicationRecentDocuments"}
Dec  6 08:50:30 epicodus-95 Dock[402] <Info>: LSSharedFileListCreate Using modern implementation for list: com.apple.LSSharedFileList.ApplicationRecentDocuments
Dec  6 08:50:30 epicodus-95 Dock[402] <Info>: [default] List identifier: com.apple.LSSharedFileList.ApplicationRecentDocuments/com.github.atom
Dec  6 08:50:30 epicodus-95 Dock[402] <Info>: -[SFLListManager listWithIdentifier:] List identifier: com.apple.LSSharedFileList.ApplicationRecentDocuments/com.github.atom
Dec  6 08:50:30 epicodus-95 open[622] <Info>: [default] Using modern implementation for list: <CFString 0x7fff74428940 [0x7fff73256440]>{contents = "com.apple.LSSharedFileList.RecentApplications"}
Dec  6 08:50:30 epicodus-95 open[622] <Info>: LSSharedFileListCreate Using modern implementation for list: com.apple.LSSharedFileList.RecentApplications
Dec  6 08:50:30 epicodus-95 open[622] <Info>: [default] List identifier: <CFString 0x7fff74428940 [0x7fff73256440]>{contents = "com.apple.LSSharedFileList.RecentApplications"}
Dec  6 08:50:30 epicodus-95 open[622] <Info>: -[SFLListManager listWithIdentifier:] List identifier: com.apple.LSSharedFileList.RecentApplications
Dec  6 08:50:30 epicodus-95 open[622] <Info>: [default] Allocated list: <CFString 0x7fff74428940 [0x7fff73256440]>{contents = "com.apple.LSSharedFileList.RecentApplications"} : <SFLList: 0x7fd098e1c330>
Dec  6 08:50:30 epicodus-95 open[622] <Info>: __37-[SFLListManager listWithIdentifier:]_block_invoke Allocated list: com.apple.LSSharedFileList.RecentApplications : <SFLList: 0x7fd098e1c330>
Dec  6 08:50:30 epicodus-95 sharedfilelistd[397] <Info>: [default] (null)[622] subscribed to list <CFString 0x7fff7319ee00 [0x7fff73256440]>{contents = "com.apple.LSSharedFileList.RecentApplications"}
Dec  6 08:50:30 epicodus-95 sharedfilelistd[397] <Info>: -[ConnectedProcess(SFLServiceProtocol) subscribeToListWithIdentifier:reply:] (null)[622] subscribed to list com.apple.LSSharedFileList.RecentApplications
Dec  6 08:50:30 epicodus-95 open[622] <Info>: [default] Received state for list identifier: <CFString 0x7fff74428940 [0x7fff73256440]>{contents = "com.apple.LSSharedFileList.RecentApplications"}
Dec  6 08:50:30 epicodus-95 open[622] <Info>: __37-[SFLListManager listWithIdentifier:]_block_invoke109 Received state for list identifier: com.apple.LSSharedFileList.RecentApplications
Dec  6 08:50:30 epicodus-95 open[622] <Info>: [default] Apply change Change: SFLChangeTypeInsert item named: Atom [6938DF29-58DD-4F97-8981-5C1A20AD8441] - URL:file:///Applications/Atom.app/ to list with identifier <CFString 0x7fff74428940 [0x7fff73256440]>{contents = "com.apple.LSSharedFileList.RecentApplications"}
Dec  6 08:50:30 epicodus-95 open[622] <Info>: __43-[SFLListManager applyChange:toList:reply:]_block_invoke Apply change Change: SFLChangeTypeInsert item named: Atom [6938DF29-58DD-4F97-8981-5C1A20AD8441] - URL:file:///Applications/Atom.app/ to list with identifier com.apple.LSSharedFileList.RecentApplications
Dec  6 08:50:30 epicodus-95 sharedfilelistd[397] <Info>: [default] (null)[622] apply change Change: SFLChangeTypeInsert item named: Atom [6938DF29-58DD-4F97-8981-5C1A20AD8441] - URL:file:///Applications/Atom.app/ to list <CFString 0x7fff7319ee00 [0x7fff73256440]>{contents = "com.apple.LSSharedFileList.RecentApplications"}
Dec  6 08:50:30 epicodus-95 sharedfilelistd[397] <Info>: -[ConnectedProcess(SFLServiceProtocol) applyChange:toListWithIdentifier:reply:] (null)[622] apply change Change: SFLChangeTypeInsert item named: Atom [6938DF29-58DD-4F97-8981-5C1A20AD8441] - URL:file:///Applications/Atom.app/ to list com.apple.LSSharedFileList.RecentApplications
Dec  6 08:50:30 epicodus-95 sharedfilelistd[397] <Info>: [default] <CFString 0x7fd838c1e550 [0x7fff73256440]>{contents = "com.apple.dock"}[402] <CFString 0x7fff7319ee00 [0x7fff73256440]>{contents = "com.apple.LSSharedFileList.RecentApplications"} item changes (
	    "Change: SFLChangeTypeRemove item named: Atom [8D4B3363-28B2-49AB-B0B7-D050F8FA2DC0] - URL:file:///Applications/Atom.app/",
	    "Change: SFLChangeTypeInsert item named: Atom [6938DF29-58DD-4F97-8981-5C1A20AD8441] - URL:file:///Applications/Atom.app/"
	)
Dec  6 08:50:30 epicodus-95 sharedfilelistd[397] <Info>: -[ConnectedProcess notifyChanges:toListWithIdentifier:] com.apple.dock[402] com.apple.LSSharedFileList.RecentApplications item changes (
	    "Change: SFLChangeTypeRemove item named: Atom [8D4B3363-28B2-49AB-B0B7-D050F8FA2DC0] - URL:file:///Applications/Atom.app/",
	    "Change: SFLChangeTypeInsert item named: Atom [6938DF29-58DD-4F97-8981-5C1A20AD8441] - URL:file:///Applications/Atom.app/"
	)
Dec  6 08:50:30 epicodus-95 sharedfilelistd[397] <Info>: [default] (null)[622] appled changes (
	    "Change: SFLChangeTypeRemove item named: Atom [8D4B3363-28B2-49AB-B0B7-D050F8FA2DC0] - URL:file:///Applications/Atom.app/",
	    "Change: SFLChangeTypeInsert item named: Atom [6938DF29-58DD-4F97-8981-5C1A20AD8441] - URL:file:///Applications/Atom.app/"
	)
Dec  6 08:50:30 epicodus-95 Dock[402] <Info>: [default] Notified of item changes to list with identifier <CFString 0x7fff7319ee00 [0x7fff73256440]>{contents = "com.apple.LSSharedFileList.RecentApplications"}
Dec  6 08:50:30 epicodus-95 sharedfilelistd[397] <Info>: __79-[ConnectedProcess(SFLServiceProtocol) applyChange:toListWithIdentifier:reply:]_block_invoke (null)[622] appled changes (
	    "Change: SFLChangeTypeRemove item named: Atom [8D4B3363-28B2-49AB-B0B7-D050F8FA2DC0] - URL:file:///Applications/Atom.app/",
	    "Change: SFLChangeTypeInsert item named: Atom [6938DF29-58DD-4F97-8981-5C1A20AD8441] - URL:file:///Applications/Atom.app/"
	)
Dec  6 08:50:30 epicodus-95 Dock[402] <Info>: -[SFLListManager(ServiceReplyProtocol) notifyChanges:toListWithIdentifier:] Notified of item changes to list with identifier com.apple.LSSharedFileList.RecentApplications
Dec  6 08:50:30 epicodus-95 open[622] <Info>: [default] Applied changes to list with identifier <CFString 0x7fff74428940 [0x7fff73256440]>{contents = "com.apple.LSSharedFileList.RecentApplications"}
Dec  6 08:50:30 epicodus-95 open[622] <Info>: __43-[SFLListManager applyChange:toList:reply:]_block_invoke169 Applied changes to list with identifier com.apple.LSSharedFileList.RecentApplications
Dec  6 08:50:30 epicodus-95 Atom[623] <Debug>: LSExceptions [0x7fbbab3bc130] loaded
Dec  6 08:50:30 epicodus-95 Atom[623] <Warning>: App load time: 204ms
Dec  6 08:50:30 epicodus-95 Atom Helper[627] <Debug>: LSExceptions [0x7f92e2419340] loaded
Dec  6 08:50:33 epicodus-95 Atom[596] <Info>: [default] Apply change Change: SFLChangeTypeUpdateListProperties item named: {
	    "com.apple.LSSharedFileList.MaxAmount" = 10;
	} to list with identifier <CFString 0x7fff74428bc0 [0x7fff73256440]>{contents = "com.apple.LSSharedFileList.ApplicationRecentDocuments"}
Dec  6 08:50:33 epicodus-95 Atom[596] <Info>: __43-[SFLListManager applyChange:toList:reply:]_block_invoke Apply change Change: SFLChangeTypeUpdateListProperties item named: {
	    "com.apple.LSSharedFileList.MaxAmount" = 10;
	} to list with identifier com.apple.LSSharedFileList.ApplicationRecentDocuments
Dec  6 08:50:33 epicodus-95 sharedfilelistd[397] <Info>: [default] <CFString 0x7fd838f16960 [0x7fff73256440]>{contents = "com.github.atom"}[596] apply change Change: SFLChangeTypeUpdateListProperties item named: {
	    "com.apple.LSSharedFileList.MaxAmount" = 10;
	} to list <CFString 0x7fff731edde0 [0x7fff73256440]>{contents = "com.apple.LSSharedFileList.ApplicationRecentDocuments"}
Dec  6 08:50:33 epicodus-95 sharedfilelistd[397] <Info>: -[ConnectedProcess(SFLServiceProtocol) applyChange:toListWithIdentifier:reply:] com.github.atom[596] apply change Change: SFLChangeTypeUpdateListProperties item named: {
	    "com.apple.LSSharedFileList.MaxAmount" = 10;
	} to list com.apple.LSSharedFileList.ApplicationRecentDocuments
Dec  6 08:50:33 epicodus-95 sharedfilelistd[397] <Info>: [default] <CFString 0x7fd838c1e550 [0x7fff73256440]>{contents = "com.apple.dock"}[402] com.apple.LSSharedFileList.ApplicationRecentDocuments/com.github.atom item changes (
	    "Change: SFLChangeTypeUpdateListProperties item named: {\n    \"com.apple.LSSharedFileList.MaxAmount\" = 10;\n}"
	)
Dec  6 08:50:33 epicodus-95 sharedfilelistd[397] <Info>: -[ConnectedProcess notifyChanges:toListWithIdentifier:] com.apple.dock[402] com.apple.LSSharedFileList.ApplicationRecentDocuments/com.github.atom item changes (
	    "Change: SFLChangeTypeUpdateListProperties item named: {\n    \"com.apple.LSSharedFileList.MaxAmount\" = 10;\n}"
	)
Dec  6 08:50:33 epicodus-95 sharedfilelistd[397] <Info>: [default] <CFString 0x7fd838f16960 [0x7fff73256440]>{contents = "com.github.atom"}[596] appled changes (
	    "Change: SFLChangeTypeUpdateListProperties item named: {\n    \"com.apple.LSSharedFileList.MaxAmount\" = 10;\n}"
	)
Dec  6 08:50:33 epicodus-95 sharedfilelistd[397] <Info>: __79-[ConnectedProcess(SFLServiceProtocol) applyChange:toListWithIdentifier:reply:]_block_invoke com.github.atom[596] appled changes (
	    "Change: SFLChangeTypeUpdateListProperties item named: {\n    \"com.apple.LSSharedFileList.MaxAmount\" = 10;\n}"
	)
Dec  6 08:50:33 epicodus-95 Dock[402] <Info>: [default] Notified of item changes to list with identifier <CFString 0x7fdb137baec0 [0x7fff73256440]>{contents = "com.apple.LSSharedFileList.ApplicationRecentDocuments/com.github.atom"}
Dec  6 08:50:33 epicodus-95 Dock[402] <Info>: -[SFLListManager(ServiceReplyProtocol) notifyChanges:toListWithIdentifier:] Notified of item changes to list with identifier com.apple.LSSharedFileList.ApplicationRecentDocuments/com.github.atom
Dec  6 08:50:33 epicodus-95 Atom[596] <Info>: [default] Applied changes to list with identifier <CFString 0x7fff74428bc0 [0x7fff73256440]>{contents = "com.apple.LSSharedFileList.ApplicationRecentDocuments"}
Dec  6 08:50:33 epicodus-95 Atom[596] <Info>: __43-[SFLListManager applyChange:toList:reply:]_block_invoke169 Applied changes to list with identifier com.apple.LSSharedFileList.ApplicationRecentDocuments
Dec  6 08:50:33 epicodus-95 Atom[596] <Info>: [default] Apply change Change: SFLChangeTypeInsert item named: index.html [A7D93F5C-5CD8-4228-8C3E-FBFE550F604F] - URL:file:///Users/Guest/Desktop/lake-tahoe/index.html to list with identifier <CFString 0x7fff74428bc0 [0x7fff73256440]>{contents = "com.apple.LSSharedFileList.ApplicationRecentDocuments"}
Dec  6 08:50:33 epicodus-95 Atom[596] <Info>: __43-[SFLListManager applyChange:toList:reply:]_block_invoke Apply change Change: SFLChangeTypeInsert item named: index.html [A7D93F5C-5CD8-4228-8C3E-FBFE550F604F] - URL:file:///Users/Guest/Desktop/lake-tahoe/index.html to list with identifier com.apple.LSSharedFileList.ApplicationRecentDocuments
Dec  6 08:50:33 epicodus-95 sharedfilelistd[397] <Info>: [default] <CFString 0x7fd838f16960 [0x7fff73256440]>{contents = "com.github.atom"}[596] apply change Change: SFLChangeTypeInsert item named: index.html [A7D93F5C-5CD8-4228-8C3E-FBFE550F604F] - URL:file:///Users/Guest/Desktop/lake-tahoe/index.html to list <CFString 0x7fff731edde0 [0x7fff73256440]>{contents = "com.apple.LSSharedFileList.ApplicationRecentDocuments"}
Dec  6 08:50:33 epicodus-95 sharedfilelistd[397] <Info>: -[ConnectedProcess(SFLServiceProtocol) applyChange:toListWithIdentifier:reply:] com.github.atom[596] apply change Change: SFLChangeTypeInsert item named: index.html [A7D93F5C-5CD8-4228-8C3E-FBFE550F604F] - URL:file:///Users/Guest/Desktop/lake-tahoe/index.html to list com.apple.LSSharedFileList.ApplicationRecentDocuments
Dec  6 08:50:33 epicodus-95 sharedfilelistd[397] <Info>: [default] <CFString 0x7fd838c1e550 [0x7fff73256440]>{contents = "com.apple.dock"}[402] com.apple.LSSharedFileList.ApplicationRecentDocuments/com.github.atom item changes (
	    "Change: SFLChangeTypeRemove item named: index.html [D81F5B87-99F7-4EFD-B66B-9CEC0329F0C3] - URL:file:///Users/Guest/desktop/stage-1/3-up-and-running-with-sass/lake-tahoe/index.html",
	    "Change: SFLChangeTypeInsert item named: index.html [A7D93F5C-5CD8-4228-8C3E-FBFE550F604F] - URL:file:///Users/Guest/Desktop/lake-tahoe/index.html"
	)
Dec  6 08:50:33 epicodus-95 sharedfilelistd[397] <Info>: -[ConnectedProcess notifyChanges:toListWithIdentifier:] com.apple.dock[402] com.apple.LSSharedFileList.ApplicationRecentDocuments/com.github.atom item changes (
	    "Change: SFLChangeTypeRemove item named: index.html [D81F5B87-99F7-4EFD-B66B-9CEC0329F0C3] - URL:file:///Users/Guest/desktop/stage-1/3-up-and-running-with-sass/lake-tahoe/index.html",
	    "Change: SFLChangeTypeInsert item named: index.html [A7D93F5C-5CD8-4228-8C3E-FBFE550F604F] - URL:file:///Users/Guest/Desktop/lake-tahoe/index.html"
	)
Dec  6 08:50:33 epicodus-95 sharedfilelistd[397] <Info>: [default] <CFString 0x7fd838f16960 [0x7fff73256440]>{contents = "com.github.atom"}[596] appled changes (
	    "Change: SFLChangeTypeRemove item named: index.html [D81F5B87-99F7-4EFD-B66B-9CEC0329F0C3] - URL:file:///Users/Guest/desktop/stage-1/3-up-and-running-with-sass/lake-tahoe/index.html",
	    "Change: SFLChangeTypeInsert item named: index.html [A7D93F5C-5CD8-4228-8C3E-FBFE550F604F] - URL:file:///Users/Guest/Desktop/lake-tahoe/index.html"
	)
Dec  6 08:50:33 epicodus-95 Dock[402] <Info>: [default] Notified of item changes to list with identifier <CFString 0x7fdb1377f650 [0x7fff73256440]>{contents = "com.apple.LSSharedFileList.ApplicationRecentDocuments/com.github.atom"}
Dec  6 08:50:33 epicodus-95 sharedfilelistd[397] <Info>: __79-[ConnectedProcess(SFLServiceProtocol) applyChange:toListWithIdentifier:reply:]_block_invoke com.github.atom[596] appled changes (
	    "Change: SFLChangeTypeRemove item named: index.html [D81F5B87-99F7-4EFD-B66B-9CEC0329F0C3] - URL:file:///Users/Guest/desktop/stage-1/3-up-and-running-with-sass/lake-tahoe/index.html",
	    "Change: SFLChangeTypeInsert item named: index.html [A7D93F5C-5CD8-4228-8C3E-FBFE550F604F] - URL:file:///Users/Guest/Desktop/lake-tahoe/index.html"
	)
Dec  6 08:50:33 epicodus-95 Dock[402] <Info>: -[SFLListManager(ServiceReplyProtocol) notifyChanges:toListWithIdentifier:] Notified of item changes to list with identifier com.apple.LSSharedFileList.ApplicationRecentDocuments/com.github.atom
Dec  6 08:50:33 epicodus-95 Atom[596] <Info>: [default] Applied changes to list with identifier <CFString 0x7fff74428bc0 [0x7fff73256440]>{contents = "com.apple.LSSharedFileList.ApplicationRecentDocuments"}
Dec  6 08:50:33 epicodus-95 Atom[596] <Info>: __43-[SFLListManager applyChange:toList:reply:]_block_invoke169 Applied changes to list with identifier com.apple.LSSharedFileList.ApplicationRecentDocuments
Dec  6 08:50:33 epicodus-95 Atom[596] <Info>: [default] Using modern implementation for list: <CFString 0x7fff74428960 [0x7fff73256440]>{contents = "com.apple.LSSharedFileList.RecentDocuments"}
Dec  6 08:50:33 epicodus-95 Atom[596] <Info>: LSSharedFileListCreate Using modern implementation for list: com.apple.LSSharedFileList.RecentDocuments
Dec  6 08:50:33 epicodus-95 Atom[596] <Info>: [default] List identifier: <CFString 0x7fff74428960 [0x7fff73256440]>{contents = "com.apple.LSSharedFileList.RecentDocuments"}
Dec  6 08:50:33 epicodus-95 Atom[596] <Info>: -[SFLListManager listWithIdentifier:] List identifier: com.apple.LSSharedFileList.RecentDocuments
Dec  6 08:50:33 epicodus-95 Atom[596] <Info>: [default] Apply change Change: SFLChangeTypeInsert item named: index.html [8CD6E6DD-2282-4002-A825-4CEF0B5D592F] - URL:file:///Users/Guest/Desktop/lake-tahoe/index.html to list with identifier <CFString 0x7fff74428960 [0x7fff73256440]>{contents = "com.apple.LSSharedFileList.RecentDocuments"}
Dec  6 08:50:33 epicodus-95 Atom[596] <Info>: __43-[SFLListManager applyChange:toList:reply:]_block_invoke Apply change Change: SFLChangeTypeInsert item named: index.html [8CD6E6DD-2282-4002-A825-4CEF0B5D592F] - URL:file:///Users/Guest/Desktop/lake-tahoe/index.html to list with identifier com.apple.LSSharedFileList.RecentDocuments
