Dec  6 08:09:05 epicodus-95 sharedfilelistd[397] <Info>: [default] <CFString 0x7fd838d0eb80 [0x7fff73256440]>{contents = "com.apple.finder"}[405] apply change Change: SFLChangeTypeInsert item named: Orange [7867D1FE-A710-4D80-B896-9DB58223EE1D] - URL:x-apple-findertag:Orange to list <CFString 0x7fd838f05590 [0x7fff73256440]>{contents = "com.apple.LSSharedFileList.ProjectsItems"}
Dec  6 08:09:05 epicodus-95 sharedfilelistd[397] <Info>: -[ConnectedProcess(SFLServiceProtocol) applyChange:toListWithIdentifier:reply:] com.apple.finder[405] apply change Change: SFLChangeTypeInsert item named: Orange [7867D1FE-A710-4D80-B896-9DB58223EE1D] - URL:x-apple-findertag:Orange to list com.apple.LSSharedFileList.ProjectsItems
Dec  6 08:09:05 epicodus-95 sharedfilelistd[397] <Info>: [default] <CFString 0x7fd838d0eb80 [0x7fff73256440]>{contents = "com.apple.finder"}[405] appled changes (
	    "Change: SFLChangeTypeInsert item named: Orange [7867D1FE-A710-4D80-B896-9DB58223EE1D] - URL:x-apple-findertag:Orange"
	)
Dec  6 08:09:05 epicodus-95 sharedfilelistd[397] <Info>: __79-[ConnectedProcess(SFLServiceProtocol) applyChange:toListWithIdentifier:reply:]_block_invoke com.apple.finder[405] appled changes (
	    "Change: SFLChangeTypeInsert item named: Orange [7867D1FE-A710-4D80-B896-9DB58223EE1D] - URL:x-apple-findertag:Orange"
	)
Dec  6 08:09:05 epicodus-95 Finder[405] <Info>: [default] Applied changes to list with identifier <CFString 0x7fff74428ac0 [0x7fff73256440]>{contents = "com.apple.LSSharedFileList.ProjectsItems"}
Dec  6 08:09:05 epicodus-95 Finder[405] <Info>: __43-[SFLListManager applyChange:toList:reply:]_block_invoke169 Applied changes to list with identifier com.apple.LSSharedFileList.ProjectsItems
Dec  6 08:09:05 epicodus-95 Finder[405] <Info>: [default] Apply change Change: SFLChangeTypeUpdate item named: Orange [7867D1FE-A710-4D80-B896-9DB58223EE1D] - URL:x-apple-findertag:Orange to list with identifier <CFString 0x7fff74428ac0 [0x7fff73256440]>{contents = "com.apple.LSSharedFileList.ProjectsItems"}
Dec  6 08:09:05 epicodus-95 Finder[405] <Info>: __43-[SFLListManager applyChange:toList:reply:]_block_invoke Apply change Change: SFLChangeTypeUpdate item named: Orange [7867D1FE-A710-4D80-B896-9DB58223EE1D] - URL:x-apple-findertag:Orange to list with identifier com.apple.LSSharedFileList.ProjectsItems
Dec  6 08:09:05 epicodus-95 sharedfilelistd[397] <Info>: [default] <CFString 0x7fd838d0eb80 [0x7fff73256440]>{contents = "com.apple.finder"}[405] apply change Change: SFLChangeTypeUpdate item named: Orange [7867D1FE-A710-4D80-B896-9DB58223EE1D] - URL:x-apple-findertag:Orange to list <CFString 0x7fd838c22ef0 [0x7fff73256440]>{contents = "com.apple.LSSharedFileList.ProjectsItems"}
Dec  6 08:09:05 epicodus-95 sharedfilelistd[397] <Info>: -[ConnectedProcess(SFLServiceProtocol) applyChange:toListWithIdentifier:reply:] com.apple.finder[405] apply change Change: SFLChangeTypeUpdate item named: Orange [7867D1FE-A710-4D80-B896-9DB58223EE1D] - URL:x-apple-findertag:Orange to list com.apple.LSSharedFileList.ProjectsItems
Dec  6 08:09:05 epicodus-95 sharedfilelistd[397] <Info>: [default] <CFString 0x7fd838d0eb80 [0x7fff73256440]>{contents = "com.apple.finder"}[405] appled changes (
	    "Change: SFLChangeTypeUpdate item named: Orange [7867D1FE-A710-4D80-B896-9DB58223EE1D] - URL:x-apple-findertag:Orange"
	)
Dec  6 08:09:05 epicodus-95 sharedfilelistd[397] <Info>: __79-[ConnectedProcess(SFLServiceProtocol) applyChange:toListWithIdentifier:reply:]_block_invoke com.apple.finder[405] appled changes (
	    "Change: SFLChangeTypeUpdate item named: Orange [7867D1FE-A710-4D80-B896-9DB58223EE1D] - URL:x-apple-findertag:Orange"
	)
Dec  6 08:09:05 epicodus-95 Finder[405] <Info>: [default] Applied changes to list with identifier <CFString 0x7fff74428ac0 [0x7fff73256440]>{contents = "com.apple.LSSharedFileList.ProjectsItems"}
Dec  6 08:09:05 epicodus-95 Finder[405] <Info>: __43-[SFLListManager applyChange:toList:reply:]_block_invoke169 Applied changes to list with identifier com.apple.LSSharedFileList.ProjectsItems
Dec  6 08:09:05 epicodus-95 Finder[405] <Info>: [default] Apply change Change: SFLChangeTypeInsert item named: Yellow [A0AAECD9-D238-447A-A945-7B161D03BB63] - URL:x-apple-findertag:Yellow to list with identifier <CFString 0x7fff74428ac0 [0x7fff73256440]>{contents = "com.apple.LSSharedFileList.ProjectsItems"}
Dec  6 08:09:05 epicodus-95 Finder[405] <Info>: __43-[SFLListManager applyChange:toList:reply:]_block_invoke Apply change Change: SFLChangeTypeInsert item named: Yellow [A0AAECD9-D238-447A-A945-7B161D03BB63] - URL:x-apple-findertag:Yellow to list with identifier com.apple.LSSharedFileList.ProjectsItems
Dec  6 08:09:05 epicodus-95 sharedfilelistd[397] <Info>: [default] <CFString 0x7fd838d0eb80 [0x7fff73256440]>{contents = "com.apple.finder"}[405] apply change Change: SFLChangeTypeInsert item named: Yellow [A0AAECD9-D238-447A-A945-7B161D03BB63] - URL:x-apple-findertag:Yellow to list <CFString 0x7fd838c183d0 [0x7fff73256440]>{contents = "com.apple.LSSharedFileList.ProjectsItems"}
Dec  6 08:09:05 epicodus-95 sharedfilelistd[397] <Info>: -[ConnectedProcess(SFLServiceProtocol) applyChange:toListWithIdentifier:reply:] com.apple.finder[405] apply change Change: SFLChangeTypeInsert item named: Yellow [A0AAECD9-D238-447A-A945-7B161D03BB63] - URL:x-apple-findertag:Yellow to list com.apple.LSSharedFileList.ProjectsItems
Dec  6 08:09:05 epicodus-95 sharedfilelistd[397] <Info>: [default] <CFString 0x7fd838d0eb80 [0x7fff73256440]>{contents = "com.apple.finder"}[405] appled changes (
	    "Change: SFLChangeTypeInsert item named: Yellow [A0AAECD9-D238-447A-A945-7B161D03BB63] - URL:x-apple-findertag:Yellow"
	)
Dec  6 08:09:05 epicodus-95 sharedfilelistd[397] <Info>: __79-[ConnectedProcess(SFLServiceProtocol) applyChange:toListWithIdentifier:reply:]_block_invoke com.apple.finder[405] appled changes (
	    "Change: SFLChangeTypeInsert item named: Yellow [A0AAECD9-D238-447A-A945-7B161D03BB63] - URL:x-apple-findertag:Yellow"
	)
Dec  6 08:09:05 epicodus-95 Finder[405] <Info>: [default] Applied changes to list with identifier <CFString 0x7fff74428ac0 [0x7fff73256440]>{contents = "com.apple.LSSharedFileList.ProjectsItems"}
Dec  6 08:09:05 epicodus-95 Finder[405] <Info>: __43-[SFLListManager applyChange:toList:reply:]_block_invoke169 Applied changes to list with identifier com.apple.LSSharedFileList.ProjectsItems
Dec  6 08:09:05 epicodus-95 Finder[405] <Info>: [default] Apply change Change: SFLChangeTypeUpdate item named: Yellow [A0AAECD9-D238-447A-A945-7B161D03BB63] - URL:x-apple-findertag:Yellow to list with identifier <CFString 0x7fff74428ac0 [0x7fff73256440]>{contents = "com.apple.LSSharedFileList.ProjectsItems"}
Dec  6 08:09:05 epicodus-95 Finder[405] <Info>: __43-[SFLListManager applyChange:toList:reply:]_block_invoke Apply change Change: SFLChangeTypeUpdate item named: Yellow [A0AAECD9-D238-447A-A945-7B161D03BB63] - URL:x-apple-findertag:Yellow to list with identifier com.apple.LSSharedFileList.ProjectsItems
Dec  6 08:09:05 epicodus-95 sharedfilelistd[397] <Info>: [default] <CFString 0x7fd838d0eb80 [0x7fff73256440]>{contents = "com.apple.finder"}[405] apply change Change: SFLChangeTypeUpdate item named: Yellow [A0AAECD9-D238-447A-A945-7B161D03BB63] - URL:x-apple-findertag:Yellow to list <CFString 0x7fd838c22f50 [0x7fff73256440]>{contents = "com.apple.LSSharedFileList.ProjectsItems"}
Dec  6 08:09:05 epicodus-95 sharedfilelistd[397] <Info>: -[ConnectedProcess(SFLServiceProtocol) applyChange:toListWithIdentifier:reply:] com.apple.finder[405] apply change Change: SFLChangeTypeUpdate item named: Yellow [A0AAECD9-D238-447A-A945-7B161D03BB63] - URL:x-apple-findertag:Yellow to list com.apple.LSSharedFileList.ProjectsItems
Dec  6 08:09:05 epicodus-95 sharedfilelistd[397] <Info>: [default] <CFString 0x7fd838d0eb80 [0x7fff73256440]>{contents = "com.apple.finder"}[405] appled changes (
	    "Change: SFLChangeTypeUpdate item named: Yellow [A0AAECD9-D238-447A-A945-7B161D03BB63] - URL:x-apple-findertag:Yellow"
	)
Dec  6 08:09:05 epicodus-95 sharedfilelistd[397] <Info>: __79-[ConnectedProcess(SFLServiceProtocol) applyChange:toListWithIdentifier:reply:]_block_invoke com.apple.finder[405] appled changes (
	    "Change: SFLChangeTypeUpdate item named: Yellow [A0AAECD9-D238-447A-A945-7B161D03BB63] - URL:x-apple-findertag:Yellow"
	)
Dec  6 08:09:05 epicodus-95 Finder[405] <Info>: [default] Applied changes to list with identifier <CFString 0x7fff74428ac0 [0x7fff73256440]>{contents = "com.apple.LSSharedFileList.ProjectsItems"}
Dec  6 08:09:05 epicodus-95 Finder[405] <Info>: __43-[SFLListManager applyChange:toList:reply:]_block_invoke169 Applied changes to list with identifier com.apple.LSSharedFileList.ProjectsItems
Dec  6 08:09:05 epicodus-95 Finder[405] <Info>: [default] Apply change Change: SFLChangeTypeInsert item named: Green [604E055A-F4E2-4C31-8CD9-DF9FBD3C2F0B] - URL:x-apple-findertag:Green to list with identifier <CFString 0x7fff74428ac0 [0x7fff73256440]>{contents = "com.apple.LSSharedFileList.ProjectsItems"}
Dec  6 08:09:05 epicodus-95 Finder[405] <Info>: __43-[SFLListManager applyChange:toList:reply:]_block_invoke Apply change Change: SFLChangeTypeInsert item named: Green [604E055A-F4E2-4C31-8CD9-DF9FBD3C2F0B] - URL:x-apple-findertag:Green to list with identifier com.apple.LSSharedFileList.ProjectsItems
Dec  6 08:09:05 epicodus-95 sharedfilelistd[397] <Info>: [default] <CFString 0x7fd838d0eb80 [0x7fff73256440]>{contents = "com.apple.finder"}[405] apply change Change: SFLChangeTypeInsert item named: Green [604E055A-F4E2-4C31-8CD9-DF9FBD3C2F0B] - URL:x-apple-findertag:Green to list <CFString 0x7fd838d2e770 [0x7fff73256440]>{contents = "com.apple.LSSharedFileList.ProjectsItems"}
Dec  6 08:09:05 epicodus-95 sharedfilelistd[397] <Info>: -[ConnectedProcess(SFLServiceProtocol) applyChange:toListWithIdentifier:reply:] com.apple.finder[405] apply change Change: SFLChangeTypeInsert item named: Green [604E055A-F4E2-4C31-8CD9-DF9FBD3C2F0B] - URL:x-apple-findertag:Green to list com.apple.LSSharedFileList.ProjectsItems
Dec  6 08:09:05 epicodus-95 sharedfilelistd[397] <Info>: [default] <CFString 0x7fd838d0eb80 [0x7fff73256440]>{contents = "com.apple.finder"}[405] appled changes (
	    "Change: SFLChangeTypeInsert item named: Green [604E055A-F4E2-4C31-8CD9-DF9FBD3C2F0B] - URL:x-apple-findertag:Green"
	)
Dec  6 08:09:05 epicodus-95 sharedfilelistd[397] <Info>: __79-[ConnectedProcess(SFLServiceProtocol) applyChange:toListWithIdentifier:reply:]_block_invoke com.apple.finder[405] appled changes (
	    "Change: SFLChangeTypeInsert item named: Green [604E055A-F4E2-4C31-8CD9-DF9FBD3C2F0B] - URL:x-apple-findertag:Green"
	)
Dec  6 08:09:05 epicodus-95 Finder[405] <Info>: [default] Applied changes to list with identifier <CFString 0x7fff74428ac0 [0x7fff73256440]>{contents = "com.apple.LSSharedFileList.ProjectsItems"}
Dec  6 08:09:05 epicodus-95 Finder[405] <Info>: __43-[SFLListManager applyChange:toList:reply:]_block_invoke169 Applied changes to list with identifier com.apple.LSSharedFileList.ProjectsItems
Dec  6 08:09:05 epicodus-95 Finder[405] <Info>: [default] Apply change Change: SFLChangeTypeUpdate item named: Green [604E055A-F4E2-4C31-8CD9-DF9FBD3C2F0B] - URL:x-apple-findertag:Green to list with identifier <CFString 0x7fff74428ac0 [0x7fff73256440]>{contents = "com.apple.LSSharedFileList.ProjectsItems"}
Dec  6 08:09:05 epicodus-95 Finder[405] <Info>: __43-[SFLListManager applyChange:toList:reply:]_block_invoke Apply change Change: SFLChangeTypeUpdate item named: Green [604E055A-F4E2-4C31-8CD9-DF9FBD3C2F0B] - URL:x-apple-findertag:Green to list with identifier com.apple.LSSharedFileList.ProjectsItems
Dec  6 08:09:05 epicodus-95 sharedfilelistd[397] <Info>: [default] <CFString 0x7fd838d0eb80 [0x7fff73256440]>{contents = "com.apple.finder"}[405] apply change Change: SFLChangeTypeUpdate item named: Green [604E055A-F4E2-4C31-8CD9-DF9FBD3C2F0B] - URL:x-apple-findertag:Green to list <CFString 0x7fd838d0a040 [0x7fff73256440]>{contents = "com.apple.LSSharedFileList.ProjectsItems"}
Dec  6 08:09:05 epicodus-95 sharedfilelistd[397] <Info>: -[ConnectedProcess(SFLServiceProtocol) applyChange:toListWithIdentifier:reply:] com.apple.finder[405] apply change Change: SFLChangeTypeUpdate item named: Green [604E055A-F4E2-4C31-8CD9-DF9FBD3C2F0B] - URL:x-apple-findertag:Green to list com.apple.LSSharedFileList.ProjectsItems
Dec  6 08:09:05 epicodus-95 sharedfilelistd[397] <Info>: [default] <CFString 0x7fd838d0eb80 [0x7fff73256440]>{contents = "com.apple.finder"}[405] appled changes (
	    "Change: SFLChangeTypeUpdate item named: Green [604E055A-F4E2-4C31-8CD9-DF9FBD3C2F0B] - URL:x-apple-findertag:Green"
	)
Dec  6 08:09:05 epicodus-95 sharedfilelistd[397] <Info>: __79-[ConnectedProcess(SFLServiceProtocol) applyChange:toListWithIdentifier:reply:]_block_invoke com.apple.finder[405] appled changes (
	    "Change: SFLChangeTypeUpdate item named: Green [604E055A-F4E2-4C31-8CD9-DF9FBD3C2F0B] - URL:x-apple-findertag:Green"
	)
Dec  6 08:09:05 epicodus-95 Finder[405] <Info>: [default] Applied changes to list with identifier <CFString 0x7fff74428ac0 [0x7fff73256440]>{contents = "com.apple.LSSharedFileList.ProjectsItems"}
Dec  6 08:09:05 epicodus-95 Finder[405] <Info>: __43-[SFLListManager applyChange:toList:reply:]_block_invoke169 Applied changes to list with identifier com.apple.LSSharedFileList.ProjectsItems
Dec  6 08:09:05 epicodus-95 Finder[405] <Info>: [default] Apply change Change: SFLChangeTypeInsert item named: Blue [DB2D6E4A-0F58-4C50-BA48-29A4C122D3D5] - URL:x-apple-findertag:Blue to list with identifier <CFString 0x7fff74428ac0 [0x7fff73256440]>{contents = "com.apple.LSSharedFileList.ProjectsItems"}
Dec  6 08:09:05 epicodus-95 Finder[405] <Info>: __43-[SFLListManager applyChange:toList:reply:]_block_invoke Apply change Change: SFLChangeTypeInsert item named: Blue [DB2D6E4A-0F58-4C50-BA48-29A4C122D3D5] - URL:x-apple-findertag:Blue to list with identifier com.apple.LSSharedFileList.ProjectsItems
Dec  6 08:09:05 epicodus-95 sharedfilelistd[397] <Info>: [default] <CFString 0x7fd838d0eb80 [0x7fff73256440]>{contents = "com.apple.finder"}[405] apply change Change: SFLChangeTypeInsert item named: Blue [DB2D6E4A-0F58-4C50-BA48-29A4C122D3D5] - URL:x-apple-findertag:Blue to list <CFString 0x7fd838c1bcb0 [0x7fff73256440]>{contents = "com.apple.LSSharedFileList.ProjectsItems"}
Dec  6 08:09:05 epicodus-95 sharedfilelistd[397] <Info>: -[ConnectedProcess(SFLServiceProtocol) applyChange:toListWithIdentifier:reply:] com.apple.finder[405] apply change Change: SFLChangeTypeInsert item named: Blue [DB2D6E4A-0F58-4C50-BA48-29A4C122D3D5] - URL:x-apple-findertag:Blue to list com.apple.LSSharedFileList.ProjectsItems
Dec  6 08:09:05 epicodus-95 sharedfilelistd[397] <Info>: [default] <CFString 0x7fd838d0eb80 [0x7fff73256440]>{contents = "com.apple.finder"}[405] appled changes (
	    "Change: SFLChangeTypeInsert item named: Blue [DB2D6E4A-0F58-4C50-BA48-29A4C122D3D5] - URL:x-apple-findertag:Blue"
	)
Dec  6 08:09:05 epicodus-95 sharedfilelistd[397] <Info>: __79-[ConnectedProcess(SFLServiceProtocol) applyChange:toListWithIdentifier:reply:]_block_invoke com.apple.finder[405] appled changes (
	    "Change: SFLChangeTypeInsert item named: Blue [DB2D6E4A-0F58-4C50-BA48-29A4C122D3D5] - URL:x-apple-findertag:Blue"
	)
Dec  6 08:09:05 epicodus-95 Finder[405] <Info>: [default] Applied changes to list with identifier <CFString 0x7fff74428ac0 [0x7fff73256440]>{contents = "com.apple.LSSharedFileList.ProjectsItems"}
Dec  6 08:09:05 epicodus-95 Finder[405] <Info>: __43-[SFLListManager applyChange:toList:reply:]_block_invoke169 Applied changes to list with identifier com.apple.LSSharedFileList.ProjectsItems
Dec  6 08:09:05 epicodus-95 Finder[405] <Info>: [default] Apply change Change: SFLChangeTypeUpdate item named: Blue [DB2D6E4A-0F58-4C50-BA48-29A4C122D3D5] - URL:x-apple-findertag:Blue to list with identifier <CFString 0x7fff74428ac0 [0x7fff73256440]>{contents = "com.apple.LSSharedFileList.ProjectsItems"}
Dec  6 08:09:05 epicodus-95 Finder[405] <Info>: __43-[SFLListManager applyChange:toList:reply:]_block_invoke Apply change Change: SFLChangeTypeUpdate item named: Blue [DB2D6E4A-0F58-4C50-BA48-29A4C122D3D5] - URL:x-apple-findertag:Blue to list with identifier com.apple.LSSharedFileList.ProjectsItems
Dec  6 08:09:05 epicodus-95 sharedfilelistd[397] <Info>: [default] <CFString 0x7fd838d0eb80 [0x7fff73256440]>{contents = "com.apple.finder"}[405] apply change Change: SFLChangeTypeUpdate item named: Blue [DB2D6E4A-0F58-4C50-BA48-29A4C122D3D5] - URL:x-apple-findertag:Blue to list <CFString 0x7fd838c183d0 [0x7fff73256440]>{contents = "com.apple.LSSharedFileList.ProjectsItems"}
Dec  6 08:09:05 epicodus-95 sharedfilelistd[397] <Info>: -[ConnectedProcess(SFLServiceProtocol) applyChange:toListWithIdentifier:reply:] com.apple.finder[405] apply change Change: SFLChangeTypeUpdate item named: Blue [DB2D6E4A-0F58-4C50-BA48-29A4C122D3D5] - URL:x-apple-findertag:Blue to list com.apple.LSSharedFileList.ProjectsItems
Dec  6 08:09:05 epicodus-95 sharedfilelistd[397] <Info>: [default] <CFString 0x7fd838d0eb80 [0x7fff73256440]>{contents = "com.apple.finder"}[405] appled changes (
	    "Change: SFLChangeTypeUpdate item named: Blue [DB2D6E4A-0F58-4C50-BA48-29A4C122D3D5] - URL:x-apple-findertag:Blue"
	)
Dec  6 08:09:05 epicodus-95 sharedfilelistd[397] <Info>: __79-[ConnectedProcess(SFLServiceProtocol) applyChange:toListWithIdentifier:reply:]_block_invoke com.apple.finder[405] appled changes (
	    "Change: SFLChangeTypeUpdate item named: Blue [DB2D6E4A-0F58-4C50-BA48-29A4C122D3D5] - URL:x-apple-findertag:Blue"
	)
Dec  6 08:09:05 epicodus-95 Finder[405] <Info>: [default] Applied changes to list with identifier <CFString 0x7fff74428ac0 [0x7fff73256440]>{contents = "com.apple.LSSharedFileList.ProjectsItems"}
Dec  6 08:09:05 epicodus-95 Finder[405] <Info>: __43-[SFLListManager applyChange:toList:reply:]_block_invoke169 Applied changes to list with identifier com.apple.LSSharedFileList.ProjectsItems
Dec  6 08:09:05 epicodus-95 Finder[405] <Info>: [default] Apply change Change: SFLChangeTypeInsert item named: Purple [04D1271D-6F59-4ED3-BE1F-B017DAC6B91E] - URL:x-apple-findertag:Purple to list with identifier <CFString 0x7fff74428ac0 [0x7fff73256440]>{contents = "com.apple.LSSharedFileList.ProjectsItems"}
Dec  6 08:09:05 epicodus-95 Finder[405] <Info>: __43-[SFLListManager applyChange:toList:reply:]_block_invoke Apply change Change: SFLChangeTypeInsert item named: Purple [04D1271D-6F59-4ED3-BE1F-B017DAC6B91E] - URL:x-apple-findertag:Purple to list with identifier com.apple.LSSharedFileList.ProjectsItems
Dec  6 08:09:05 epicodus-95 sharedfilelistd[397] <Info>: [default] <CFString 0x7fd838d0eb80 [0x7fff73256440]>{contents = "com.apple.finder"}[405] apply change Change: SFLChangeTypeInsert item named: Purple [04D1271D-6F59-4ED3-BE1F-B017DAC6B91E] - URL:x-apple-findertag:Purple to list <CFString 0x7fd838c16620 [0x7fff73256440]>{contents = "com.apple.LSSharedFileList.ProjectsItems"}
Dec  6 08:09:05 epicodus-95 sharedfilelistd[397] <Info>: -[ConnectedProcess(SFLServiceProtocol) applyChange:toListWithIdentifier:reply:] com.apple.finder[405] apply change Change: SFLChangeTypeInsert item named: Purple [04D1271D-6F59-4ED3-BE1F-B017DAC6B91E] - URL:x-apple-findertag:Purple to list com.apple.LSSharedFileList.ProjectsItems
Dec  6 08:09:05 epicodus-95 sharedfilelistd[397] <Info>: [default] <CFString 0x7fd838d0eb80 [0x7fff73256440]>{contents = "com.apple.finder"}[405] appled changes (
	    "Change: SFLChangeTypeInsert item named: Purple [04D1271D-6F59-4ED3-BE1F-B017DAC6B91E] - URL:x-apple-findertag:Purple"
	)
Dec  6 08:09:05 epicodus-95 sharedfilelistd[397] <Info>: __79-[ConnectedProcess(SFLServiceProtocol) applyChange:toListWithIdentifier:reply:]_block_invoke com.apple.finder[405] appled changes (
	    "Change: SFLChangeTypeInsert item named: Purple [04D1271D-6F59-4ED3-BE1F-B017DAC6B91E] - URL:x-apple-findertag:Purple"
	)
Dec  6 08:09:05 epicodus-95 Finder[405] <Info>: [default] Applied changes to list with identifier <CFString 0x7fff74428ac0 [0x7fff73256440]>{contents = "com.apple.LSSharedFileList.ProjectsItems"}
Dec  6 08:09:05 epicodus-95 Finder[405] <Info>: __43-[SFLListManager applyChange:toList:reply:]_block_invoke169 Applied changes to list with identifier com.apple.LSSharedFileList.ProjectsItems
Dec  6 08:09:05 epicodus-95 Finder[405] <Info>: [default] Apply change Change: SFLChangeTypeUpdate item named: Purple [04D1271D-6F59-4ED3-BE1F-B017DAC6B91E] - URL:x-apple-findertag:Purple to list with identifier <CFString 0x7fff74428ac0 [0x7fff73256440]>{contents = "com.apple.LSSharedFileList.ProjectsItems"}
Dec  6 08:09:05 epicodus-95 Finder[405] <Info>: __43-[SFLListManager applyChange:toList:reply:]_block_invoke Apply change Change: SFLChangeTypeUpdate item named: Purple [04D1271D-6F59-4ED3-BE1F-B017DAC6B91E] - URL:x-apple-findertag:Purple to list with identifier com.apple.LSSharedFileList.ProjectsItems
Dec  6 08:09:05 epicodus-95 sharedfilelistd[397] <Info>: [default] <CFString 0x7fd838d0eb80 [0x7fff73256440]>{contents = "com.apple.finder"}[405] apply change Change: SFLChangeTypeUpdate item named: Purple [04D1271D-6F59-4ED3-BE1F-B017DAC6B91E] - URL:x-apple-findertag:Purple to list <CFString 0x7fd838c1e550 [0x7fff73256440]>{contents = "com.apple.LSSharedFileList.ProjectsItems"}
Dec  6 08:09:05 epicodus-95 sharedfilelistd[397] <Info>: -[ConnectedProcess(SFLServiceProtocol) applyChange:toListWithIdentifier:reply:] com.apple.finder[405] apply change Change: SFLChangeTypeUpdate item named: Purple [04D1271D-6F59-4ED3-BE1F-B017DAC6B91E] - URL:x-apple-findertag:Purple to list com.apple.LSSharedFileList.ProjectsItems
Dec  6 08:09:05 epicodus-95 sharedfilelistd[397] <Info>: [default] <CFString 0x7fd838d0eb80 [0x7fff73256440]>{contents = "com.apple.finder"}[405] appled changes (
	    "Change: SFLChangeTypeUpdate item named: Purple [04D1271D-6F59-4ED3-BE1F-B017DAC6B91E] - URL:x-apple-findertag:Purple"
	)
Dec  6 08:09:05 epicodus-95 sharedfilelistd[397] <Info>: __79-[ConnectedProcess(SFLServiceProtocol) applyChange:toListWithIdentifier:reply:]_block_invoke com.apple.finder[405] appled changes (
	    "Change: SFLChangeTypeUpdate item named: Purple [04D1271D-6F59-4ED3-BE1F-B017DAC6B91E] - URL:x-apple-findertag:Purple"
	)
Dec  6 08:09:05 epicodus-95 Finder[405] <Info>: [default] Applied changes to list with identifier <CFString 0x7fff74428ac0 [0x7fff73256440]>{contents = "com.apple.LSSharedFileList.ProjectsItems"}
Dec  6 08:09:05 epicodus-95 Finder[405] <Info>: __43-[SFLListManager applyChange:toList:reply:]_block_invoke169 Applied changes to list with identifier com.apple.LSSharedFileList.ProjectsItems
Dec  6 08:09:05 epicodus-95 Finder[405] <Info>: [default] Apply change Change: SFLChangeTypeInsert item named: Gray [D7AC05C0-7FA8-420E-AFD3-4AF1E4BF1EF6] - URL:x-apple-findertag:Gray to list with identifier <CFString 0x7fff74428ac0 [0x7fff73256440]>{contents = "com.apple.LSSharedFileList.ProjectsItems"}
Dec  6 08:09:05 epicodus-95 Finder[405] <Info>: __43-[SFLListManager applyChange:toList:reply:]_block_invoke Apply change Change: SFLChangeTypeInsert item named: Gray [D7AC05C0-7FA8-420E-AFD3-4AF1E4BF1EF6] - URL:x-apple-findertag:Gray to list with identifier com.apple.LSSharedFileList.ProjectsItems
Dec  6 08:09:05 epicodus-95 sharedfilelistd[397] <Info>: [default] <CFString 0x7fd838d0eb80 [0x7fff73256440]>{contents = "com.apple.finder"}[405] apply change Change: SFLChangeTypeInsert item named: Gray [D7AC05C0-7FA8-420E-AFD3-4AF1E4BF1EF6] - URL:x-apple-findertag:Gray to list <CFString 0x7fd838e01560 [0x7fff73256440]>{contents = "com.apple.LSSharedFileList.ProjectsItems"}
Dec  6 08:09:05 epicodus-95 sharedfilelistd[397] <Info>: -[ConnectedProcess(SFLServiceProtocol) applyChange:toListWithIdentifier:reply:] com.apple.finder[405] apply change Change: SFLChangeTypeInsert item named: Gray [D7AC05C0-7FA8-420E-AFD3-4AF1E4BF1EF6] - URL:x-apple-findertag:Gray to list com.apple.LSSharedFileList.ProjectsItems
Dec  6 08:09:05 epicodus-95 sharedfilelistd[397] <Info>: [default] <CFString 0x7fd838d0eb80 [0x7fff73256440]>{contents = "com.apple.finder"}[405] appled changes (
	    "Change: SFLChangeTypeInsert item named: Gray [D7AC05C0-7FA8-420E-AFD3-4AF1E4BF1EF6] - URL:x-apple-findertag:Gray"
	)
Dec  6 08:09:05 epicodus-95 sharedfilelistd[397] <Info>: __79-[ConnectedProcess(SFLServiceProtocol) applyChange:toListWithIdentifier:reply:]_block_invoke com.apple.finder[405] appled changes (
	    "Change: SFLChangeTypeInsert item named: Gray [D7AC05C0-7FA8-420E-AFD3-4AF1E4BF1EF6] - URL:x-apple-findertag:Gray"
	)
Dec  6 08:09:05 epicodus-95 Finder[405] <Info>: [default] Applied changes to list with identifier <CFString 0x7fff74428ac0 [0x7fff73256440]>{contents = "com.apple.LSSharedFileList.ProjectsItems"}
Dec  6 08:09:05 epicodus-95 Finder[405] <Info>: __43-[SFLListManager applyChange:toList:reply:]_block_invoke169 Applied changes to list with identifier com.apple.LSSharedFileList.ProjectsItems
Dec  6 08:09:05 epicodus-95 Finder[405] <Info>: [default] Apply change Change: SFLChangeTypeUpdate item named: Gray [D7AC05C0-7FA8-420E-AFD3-4AF1E4BF1EF6] - URL:x-apple-findertag:Gray to list with identifier <CFString 0x7fff74428ac0 [0x7fff73256440]>{contents = "com.apple.LSSharedFileList.ProjectsItems"}
Dec  6 08:09:05 epicodus-95 Finder[405] <Info>: __43-[SFLListManager applyChange:toList:reply:]_block_invoke Apply change Change: SFLChangeTypeUpdate item named: Gray [D7AC05C0-7FA8-420E-AFD3-4AF1E4BF1EF6] - URL:x-apple-findertag:Gray to list with identifier com.apple.LSSharedFileList.ProjectsItems
Dec  6 08:09:05 epicodus-95 sharedfilelistd[397] <Info>: [default] <CFString 0x7fd838d0eb80 [0x7fff73256440]>{contents = "com.apple.finder"}[405] apply change Change: SFLChangeTypeUpdate item named: Gray [D7AC05C0-7FA8-420E-AFD3-4AF1E4BF1EF6] - URL:x-apple-findertag:Gray to list <CFString 0x7fd838f05d90 [0x7fff73256440]>{contents = "com.apple.LSSharedFileList.ProjectsItems"}
Dec  6 08:09:05 epicodus-95 sharedfilelistd[397] <Info>: -[ConnectedProcess(SFLServiceProtocol) applyChange:toListWithIdentifier:reply:] com.apple.finder[405] apply change Change: SFLChangeTypeUpdate item named: Gray [D7AC05C0-7FA8-420E-AFD3-4AF1E4BF1EF6] - URL:x-apple-findertag:Gray to list com.apple.LSSharedFileList.ProjectsItems
Dec  6 08:09:05 epicodus-95 sharedfilelistd[397] <Info>: [default] <CFString 0x7fd838d0eb80 [0x7fff73256440]>{contents = "com.apple.finder"}[405] appled changes (
	    "Change: SFLChangeTypeUpdate item named: Gray [D7AC05C0-7FA8-420E-AFD3-4AF1E4BF1EF6] - URL:x-apple-findertag:Gray"
	)
Dec  6 08:09:05 epicodus-95 sharedfilelistd[397] <Info>: __79-[ConnectedProcess(SFLServiceProtocol) applyChange:toListWithIdentifier:reply:]_block_invoke com.apple.finder[405] appled changes (
	    "Change: SFLChangeTypeUpdate item named: Gray [D7AC05C0-7FA8-420E-AFD3-4AF1E4BF1EF6] - URL:x-apple-findertag:Gray"
	)
Dec  6 08:09:05 epicodus-95 Finder[405] <Info>: [default] Applied changes to list with identifier <CFString 0x7fff74428ac0 [0x7fff73256440]>{contents = "com.apple.LSSharedFileList.ProjectsItems"}
Dec  6 08:09:05 epicodus-95 Finder[405] <Info>: __43-[SFLListManager applyChange:toList:reply:]_block_invoke169 Applied changes to list with identifier com.apple.LSSharedFileList.ProjectsItems
Dec  6 08:09:05 epicodus-95 Finder[405] <Info>: [default] Apply change Change: SFLChangeTypeInsert item named: Work [559F2558-C190-45FD-9549-AE19A096C894] - URL:x-apple-findertag:Work to list with identifier <CFString 0x7fff74428ac0 [0x7fff73256440]>{contents = "com.apple.LSSharedFileList.ProjectsItems"}
Dec  6 08:09:05 epicodus-95 Finder[405] <Info>: __43-[SFLListManager applyChange:toList:reply:]_block_invoke Apply change Change: SFLChangeTypeInsert item named: Work [559F2558-C190-45FD-9549-AE19A096C894] - URL:x-apple-findertag:Work to list with identifier com.apple.LSSharedFileList.ProjectsItems
Dec  6 08:09:05 epicodus-95 sharedfilelistd[397] <Info>: [default] <CFString 0x7fd838d0eb80 [0x7fff73256440]>{contents = "com.apple.finder"}[405] apply change Change: SFLChangeTypeInsert item named: Work [559F2558-C190-45FD-9549-AE19A096C894] - URL:x-apple-findertag:Work to list <CFString 0x7fd838e08d30 [0x7fff73256440]>{contents = "com.apple.LSSharedFileList.ProjectsItems"}
Dec  6 08:09:05 epicodus-95 sharedfilelistd[397] <Info>: -[ConnectedProcess(SFLServiceProtocol) applyChange:toListWithIdentifier:reply:] com.apple.finder[405] apply change Change: SFLChangeTypeInsert item named: Work [559F2558-C190-45FD-9549-AE19A096C894] - URL:x-apple-findertag:Work to list com.apple.LSSharedFileList.ProjectsItems
Dec  6 08:09:05 epicodus-95 sharedfilelistd[397] <Info>: [default] <CFString 0x7fd838d0eb80 [0x7fff73256440]>{contents = "com.apple.finder"}[405] appled changes (
	    "Change: SFLChangeTypeInsert item named: Work [559F2558-C190-45FD-9549-AE19A096C894] - URL:x-apple-findertag:Work"
	)
Dec  6 08:09:05 epicodus-95 sharedfilelistd[397] <Info>: __79-[ConnectedProcess(SFLServiceProtocol) applyChange:toListWithIdentifier:reply:]_block_invoke com.apple.finder[405] appled changes (
	    "Change: SFLChangeTypeInsert item named: Work [559F2558-C190-45FD-9549-AE19A096C894] - URL:x-apple-findertag:Work"
	)
Dec  6 08:09:05 epicodus-95 Finder[405] <Info>: [default] Applied changes to list with identifier <CFString 0x7fff74428ac0 [0x7fff73256440]>{contents = "com.apple.LSSharedFileList.ProjectsItems"}
Dec  6 08:09:05 epicodus-95 Finder[405] <Info>: __43-[SFLListManager applyChange:toList:reply:]_block_invoke169 Applied changes to list with identifier com.apple.LSSharedFileList.ProjectsItems
Dec  6 08:09:05 epicodus-95 Finder[405] <Info>: [default] Apply change Change: SFLChangeTypeInsert item named: Home [8E9394EF-F8FE-4AA6-8C01-E445ECC4C00E] - URL:x-apple-findertag:Home to list with identifier <CFString 0x7fff74428ac0 [0x7fff73256440]>{contents = "com.apple.LSSharedFileList.ProjectsItems"}
Dec  6 08:09:05 epicodus-95 Finder[405] <Info>: __43-[SFLListManager applyChange:toList:reply:]_block_invoke Apply change Change: SFLChangeTypeInsert item named: Home [8E9394EF-F8FE-4AA6-8C01-E445ECC4C00E] - URL:x-apple-findertag:Home to list with identifier com.apple.LSSharedFileList.ProjectsItems
Dec  6 08:09:05 epicodus-95 sharedfilelistd[397] <Info>: [default] <CFString 0x7fd838d0eb80 [0x7fff73256440]>{contents = "com.apple.finder"}[405] apply change Change: SFLChangeTypeInsert item named: Home [8E9394EF-F8FE-4AA6-8C01-E445ECC4C00E] - URL:x-apple-findertag:Home to list <CFString 0x7fd838c27c10 [0x7fff73256440]>{contents = "com.apple.LSSharedFileList.ProjectsItems"}
Dec  6 08:09:05 epicodus-95 sharedfilelistd[397] <Info>: -[ConnectedProcess(SFLServiceProtocol) applyChange:toListWithIdentifier:reply:] com.apple.finder[405] apply change Change: SFLChangeTypeInsert item named: Home [8E9394EF-F8FE-4AA6-8C01-E445ECC4C00E] - URL:x-apple-findertag:Home to list com.apple.LSSharedFileList.ProjectsItems
Dec  6 08:09:05 epicodus-95 sharedfilelistd[397] <Info>: [default] <CFString 0x7fd838d0eb80 [0x7fff73256440]>{contents = "com.apple.finder"}[405] appled changes (
	    "Change: SFLChangeTypeInsert item named: Home [8E9394EF-F8FE-4AA6-8C01-E445ECC4C00E] - URL:x-apple-findertag:Home"
	)
Dec  6 08:09:05 epicodus-95 sharedfilelistd[397] <Info>: __79-[ConnectedProcess(SFLServiceProtocol) applyChange:toListWithIdentifier:reply:]_block_invoke com.apple.finder[405] appled changes (
	    "Change: SFLChangeTypeInsert item named: Home [8E9394EF-F8FE-4AA6-8C01-E445ECC4C00E] - URL:x-apple-findertag:Home"
	)
Dec  6 08:09:05 epicodus-95 Finder[405] <Info>: [default] Applied changes to list with identifier <CFString 0x7fff74428ac0 [0x7fff73256440]>{contents = "com.apple.LSSharedFileList.ProjectsItems"}
Dec  6 08:09:05 epicodus-95 Finder[405] <Info>: __43-[SFLListManager applyChange:toList:reply:]_block_invoke169 Applied changes to list with identifier com.apple.LSSharedFileList.ProjectsItems
Dec  6 08:09:05 epicodus-95 Finder[405] <Info>: [default] Apply change Change: SFLChangeTypeInsert item named: Important [ED27CD60-20B6-4C4F-A1B4-D3C97C871CB2] - URL:x-apple-findertag:Important to list with identifier <CFString 0x7fff74428ac0 [0x7fff73256440]>{contents = "com.apple.LSSharedFileList.ProjectsItems"}
Dec  6 08:09:05 epicodus-95 Finder[405] <Info>: __43-[SFLListManager applyChange:toList:reply:]_block_invoke Apply change Change: SFLChangeTypeInsert item named: Important [ED27CD60-20B6-4C4F-A1B4-D3C97C871CB2] - URL:x-apple-findertag:Important to list with identifier com.apple.LSSharedFileList.ProjectsItems
Dec  6 08:09:05 epicodus-95 sharedfilelistd[397] <Info>: [default] <CFString 0x7fd838d0eb80 [0x7fff73256440]>{contents = "com.apple.finder"}[405] apply change Change: SFLChangeTypeInsert item named: Important [ED27CD60-20B6-4C4F-A1B4-D3C97C871CB2] - URL:x-apple-findertag:Important to list <CFString 0x7fd838c16f80 [0x7fff73256440]>{contents = "com.apple.LSSharedFileList.ProjectsItems"}
Dec  6 08:09:05 epicodus-95 sharedfilelistd[397] <Info>: -[ConnectedProcess(SFLServiceProtocol) applyChange:toListWithIdentifier:reply:] com.apple.finder[405] apply change Change: SFLChangeTypeInsert item named: Important [ED27CD60-20B6-4C4F-A1B4-D3C97C871CB2] - URL:x-apple-findertag:Important to list com.apple.LSSharedFileList.ProjectsItems
Dec  6 08:09:05 epicodus-95 sharedfilelistd[397] <Info>: [default] <CFString 0x7fd838d0eb80 [0x7fff73256440]>{contents = "com.apple.finder"}[405] appled changes (
	    "Change: SFLChangeTypeInsert item named: Important [ED27CD60-20B6-4C4F-A1B4-D3C97C871CB2] - URL:x-apple-findertag:Important"
	)
Dec  6 08:09:05 epicodus-95 sharedfilelistd[397] <Info>: __79-[ConnectedProcess(SFLServiceProtocol) applyChange:toListWithIdentifier:reply:]_block_invoke com.apple.finder[405] appled changes (
	    "Change: SFLChangeTypeInsert item named: Important [ED27CD60-20B6-4C4F-A1B4-D3C97C871CB2] - URL:x-apple-findertag:Important"
	)
Dec  6 08:09:05 epicodus-95 Finder[405] <Info>: [default] Applied changes to list with identifier <CFString 0x7fff74428ac0 [0x7fff73256440]>{contents = "com.apple.LSSharedFileList.ProjectsItems"}
Dec  6 08:09:05 epicodus-95 Finder[405] <Info>: __43-[SFLListManager applyChange:toList:reply:]_block_invoke169 Applied changes to list with identifier com.apple.LSSharedFileList.ProjectsItems
Dec  6 08:09:05 epicodus-95 Finder[405] <Info>: [default] Apply change Change: SFLChangeTypeUpdate item named: Work [559F2558-C190-45FD-9549-AE19A096C894] - URL:x-apple-findertag:Work to list with identifier <CFString 0x7fff74428ac0 [0x7fff73256440]>{contents = "com.apple.LSSharedFileList.ProjectsItems"}
Dec  6 08:09:05 epicodus-95 Finder[405] <Info>: __43-[SFLListManager applyChange:toList:reply:]_block_invoke Apply change Change: SFLChangeTypeUpdate item named: Work [559F2558-C190-45FD-9549-AE19A096C894] - URL:x-apple-findertag:Work to list with identifier com.apple.LSSharedFileList.ProjectsItems
Dec  6 08:09:05 epicodus-95 sharedfilelistd[397] <Info>: [default] <CFString 0x7fd838d0eb80 [0x7fff73256440]>{contents = "com.apple.finder"}[405] apply change Change: SFLChangeTypeUpdate item named: Work [559F2558-C190-45FD-9549-AE19A096C894] - URL:x-apple-findertag:Work to list <CFString 0x7fd838f00f00 [0x7fff73256440]>{contents = "com.apple.LSSharedFileList.ProjectsItems"}
Dec  6 08:09:05 epicodus-95 sharedfilelistd[397] <Info>: -[ConnectedProcess(SFLServiceProtocol) applyChange:toListWithIdentifier:reply:] com.apple.finder[405] apply change Change: SFLChangeTypeUpdate item named: Work [559F2558-C190-45FD-9549-AE19A096C894] - URL:x-apple-findertag:Work to list com.apple.LSSharedFileList.ProjectsItems
Dec  6 08:09:05 epicodus-95 sharedfilelistd[397] <Info>: [default] <CFString 0x7fd838d0eb80 [0x7fff73256440]>{contents = "com.apple.finder"}[405] appled changes (
	    "Change: SFLChangeTypeUpdate item named: Work [559F2558-C190-45FD-9549-AE19A096C894] - URL:x-apple-findertag:Work"
	)
Dec  6 08:09:05 epicodus-95 sharedfilelistd[397] <Info>: __79-[ConnectedProcess(SFLServiceProtocol) applyChange:toListWithIdentifier:reply:]_block_invoke com.apple.finder[405] appled changes (
	    "Change: SFLChangeTypeUpdate item named: Work [559F2558-C190-45FD-9549-AE19A096C894] - URL:x-apple-findertag:Work"
	)
Dec  6 08:09:05 epicodus-95 Finder[405] <Info>: [default] Applied changes to list with identifier <CFString 0x7fff74428ac0 [0x7fff73256440]>{contents = "com.apple.LSSharedFileList.ProjectsItems"}
Dec  6 08:09:05 epicodus-95 Finder[405] <Info>: __43-[SFLListManager applyChange:toList:reply:]_block_invoke169 Applied changes to list with identifier com.apple.LSSharedFileList.ProjectsItems
Dec  6 08:09:05 epicodus-95 Finder[405] <Info>: [default] Notifying observers for list <CFString 0x7fff74428ac0 [0x7fff73256440]>{contents = "com.apple.LSSharedFileList.ProjectsItems"}
Dec  6 08:09:05 epicodus-95 Finder[405] <Info>: -[SFLListObserver notify] Notifying observers for list com.apple.LSSharedFileList.ProjectsItems
Dec  6 08:09:05 epicodus-95 Finder[405] <Info>: [default] Apply change Change: SFLChangeTypeUpdate item named: Home [8E9394EF-F8FE-4AA6-8C01-E445ECC4C00E] - URL:x-apple-findertag:Home to list with identifier <CFString 0x7fff74428ac0 [0x7fff73256440]>{contents = "com.apple.LSSharedFileList.ProjectsItems"}
Dec  6 08:09:05 epicodus-95 Finder[405] <Info>: __43-[SFLListManager applyChange:toList:reply:]_block_invoke Apply change Change: SFLChangeTypeUpdate item named: Home [8E9394EF-F8FE-4AA6-8C01-E445ECC4C00E] - URL:x-apple-findertag:Home to list with identifier com.apple.LSSharedFileList.ProjectsItems
Dec  6 08:09:05 epicodus-95 sharedfilelistd[397] <Info>: [default] <CFString 0x7fd838d0eb80 [0x7fff73256440]>{contents = "com.apple.finder"}[405] apply change Change: SFLChangeTypeUpdate item named: Home [8E9394EF-F8FE-4AA6-8C01-E445ECC4C00E] - URL:x-apple-findertag:Home to list <CFString 0x7fd838d0be40 [0x7fff73256440]>{contents = "com.apple.LSSharedFileList.ProjectsItems"}
Dec  6 08:09:05 epicodus-95 sharedfilelistd[397] <Info>: -[ConnectedProcess(SFLServiceProtocol) applyChange:toListWithIdentifier:reply:] com.apple.finder[405] apply change Change: SFLChangeTypeUpdate item named: Home [8E9394EF-F8FE-4AA6-8C01-E445ECC4C00E] - URL:x-apple-findertag:Home to list com.apple.LSSharedFileList.ProjectsItems
Dec  6 08:09:05 epicodus-95 sharedfilelistd[397] <Info>: [default] <CFString 0x7fd838d0eb80 [0x7fff73256440]>{contents = "com.apple.finder"}[405] appled changes (
	    "Change: SFLChangeTypeUpdate item named: Home [8E9394EF-F8FE-4AA6-8C01-E445ECC4C00E] - URL:x-apple-findertag:Home"
	)
Dec  6 08:09:05 epicodus-95 sharedfilelistd[397] <Info>: __79-[ConnectedProcess(SFLServiceProtocol) applyChange:toListWithIdentifier:reply:]_block_invoke com.apple.finder[405] appled changes (
	    "Change: SFLChangeTypeUpdate item named: Home [8E9394EF-F8FE-4AA6-8C01-E445ECC4C00E] - URL:x-apple-findertag:Home"
	)
Dec  6 08:09:05 epicodus-95 Finder[405] <Info>: [default] Applied changes to list with identifier <CFString 0x7fff74428ac0 [0x7fff73256440]>{contents = "com.apple.LSSharedFileList.ProjectsItems"}
Dec  6 08:09:05 epicodus-95 Finder[405] <Info>: __43-[SFLListManager applyChange:toList:reply:]_block_invoke169 Applied changes to list with identifier com.apple.LSSharedFileList.ProjectsItems
Dec  6 08:09:05 epicodus-95 Finder[405] <Info>: [default] Notifying observers for list <CFString 0x7fff74428ac0 [0x7fff73256440]>{contents = "com.apple.LSSharedFileList.ProjectsItems"}
Dec  6 08:09:05 epicodus-95 Finder[405] <Info>: -[SFLListObserver notify] Notifying observers for list com.apple.LSSharedFileList.ProjectsItems
Dec  6 08:09:05 epicodus-95 Finder[405] <Info>: [default] Apply change Change: SFLChangeTypeUpdate item named: Important [ED27CD60-20B6-4C4F-A1B4-D3C97C871CB2] - URL:x-apple-findertag:Important to list with identifier <CFString 0x7fff74428ac0 [0x7fff73256440]>{contents = "com.apple.LSSharedFileList.ProjectsItems"}
Dec  6 08:09:05 epicodus-95 Finder[405] <Info>: __43-[SFLListManager applyChange:toList:reply:]_block_invoke Apply change Change: SFLChangeTypeUpdate item named: Important [ED27CD60-20B6-4C4F-A1B4-D3C97C871CB2] - URL:x-apple-findertag:Important to list with identifier com.apple.LSSharedFileList.ProjectsItems
Dec  6 08:09:05 epicodus-95 sharedfilelistd[397] <Info>: [default] <CFString 0x7fd838d0eb80 [0x7fff73256440]>{contents = "com.apple.finder"}[405] apply change Change: SFLChangeTypeUpdate item named: Important [ED27CD60-20B6-4C4F-A1B4-D3C97C871CB2] - URL:x-apple-findertag:Important to list <CFString 0x7fd838d40270 [0x7fff73256440]>{contents = "com.apple.LSSharedFileList.ProjectsItems"}
Dec  6 08:09:05 epicodus-95 sharedfilelistd[397] <Info>: -[ConnectedProcess(SFLServiceProtocol) applyChange:toListWithIdentifier:reply:] com.apple.finder[405] apply change Change: SFLChangeTypeUpdate item named: Important [ED27CD60-20B6-4C4F-A1B4-D3C97C871CB2] - URL:x-apple-findertag:Important to list com.apple.LSSharedFileList.ProjectsItems
Dec  6 08:09:05 epicodus-95 sharedfilelistd[397] <Info>: [default] <CFString 0x7fd838d0eb80 [0x7fff73256440]>{contents = "com.apple.finder"}[405] appled changes (
	    "Change: SFLChangeTypeUpdate item named: Important [ED27CD60-20B6-4C4F-A1B4-D3C97C871CB2] - URL:x-apple-findertag:Important"
	)
Dec  6 08:09:05 epicodus-95 sharedfilelistd[397] <Info>: __79-[ConnectedProcess(SFLServiceProtocol) applyChange:toListWithIdentifier:reply:]_block_invoke com.apple.finder[405] appled changes (
	    "Change: SFLChangeTypeUpdate item named: Important [ED27CD60-20B6-4C4F-A1B4-D3C97C871CB2] - URL:x-apple-findertag:Important"
	)
Dec  6 08:09:05 epicodus-95 Finder[405] <Info>: [default] Applied changes to list with identifier <CFString 0x7fff74428ac0 [0x7fff73256440]>{contents = "com.apple.LSSharedFileList.ProjectsItems"}
Dec  6 08:09:05 epicodus-95 Finder[405] <Info>: __43-[SFLListManager applyChange:toList:reply:]_block_invoke169 Applied changes to list with identifier com.apple.LSSharedFileList.ProjectsItems
Dec  6 08:09:05 epicodus-95 Finder[405] <Info>: [default] Notifying observers for list <CFString 0x7fff74428ac0 [0x7fff73256440]>{contents = "com.apple.LSSharedFileList.ProjectsItems"}
Dec  6 08:09:05 epicodus-95 Finder[405] <Info>: -[SFLListObserver notify] Notifying observers for list com.apple.LSSharedFileList.ProjectsItems
Dec  6 08:09:05 epicodus-95 Finder[405] <Debug>: LSExceptions [0x7fae604288f0] loaded
Dec  6 08:09:06 epicodus-95 DMProxy[410] <Warning>: AMBD Services: _CFXPCCreateXPCObjectFromCFObject failed!!
Dec  6 08:09:06 epicodus-95 fontd[411] <Error>: Failed to open read-only database, regenerating DB
Dec  6 08:09:06 epicodus-95 identityservicesd[348] <Info>: ApplePushService: <APSConnection: 0x7fa140737700> Flushing any queuedDelegateBlocks 0
Dec  6 08:09:06 epicodus-95 secd[349] <Notice>: lockassertions __SecAKSLockUserKeybag_block_invoke Requesting lock assertion for 60 seconds
Dec  6 08:09:06 epicodus-95 secd[349] <Notice>: lockassertions __SecAKSUnLockUserKeybag_block_invoke Dropping lock assertion
Dec  6 08:09:06 epicodus-95 com.apple.iCloudHelper[379] <Info>: ApplePushService: <APSConnection: 0x7fe961d39bb0> Flushing any queuedDelegateBlocks 0
Dec  6 08:09:06 epicodus-95 fmfd[378] <Info>: ApplePushService: <APSConnection: 0x7fd46161e2f0> Flushing any queuedDelegateBlocks 0
Dec  6 08:09:07 epicodus-95 ARDAgent[353] <Debug>: LSExceptions [0x7fcdd0c0efb0] unloaded
Dec  6 08:09:07 epicodus-95 cloudd[386] <Info>: ApplePushService: <APSConnection: 0x7f9b53408c60> Flushing any queuedDelegateBlocks 0
Dec  6 08:09:08 epicodus-95 iconservicesagent[415] <Notice>: iconservicesagent launched.
Dec  6 08:09:08 epicodus-95 iconservicesagent[415] <Debug>: IconServices logging is enabled,
Dec  6 08:09:08 epicodus-95 iconservicesagent[415] <Notice>: Starting service with cache path: /var/folders/zz/zyxvpxvq6csfxvn_n00000s4000069/C/com.apple.iconservices
Dec  6 08:09:08 epicodus-95 Finder[405] <Error>: assertion failed: 15F34: libxpc.dylib + 78286 [54D1328E-054E-3DAA-89E2-375722F9D18F]: 0x89
Dec  6 08:09:08 epicodus-95 loginwindow[91] <Info>: [default] Using legacy implementation for list: <CFString 0x7fff74428b60 [0x7fff73256440]>{contents = "com.apple.LSSharedFileList.ManagedSessionLoginItems"}
Dec  6 08:09:08 epicodus-95 loginwindow[91] <Info>: LSSharedFileListCreate Using legacy implementation for list: com.apple.LSSharedFileList.ManagedSessionLoginItems
Dec  6 08:09:08 epicodus-95 loginwindow[91] <Info>: [default] Using legacy implementation for list: <CFString 0x7fff744289c0 [0x7fff73256440]>{contents = "com.apple.LSSharedFileList.GlobalLoginItems"}
Dec  6 08:09:08 epicodus-95 loginwindow[91] <Info>: LSSharedFileListCreate Using legacy implementation for list: com.apple.LSSharedFileList.GlobalLoginItems
Dec  6 08:09:08 epicodus-95 PowerChime[430] <Error>: objc[430]: Class BUIPowerSource is implemented in both /System/Library/PrivateFrameworks/BatteryUIKit.framework/Versions/A/BatteryUIKit and /System/Library/CoreServices/PowerChime.app/Contents/MacOS/PowerChime. One of the two will be used. Which one is undefined.
Dec  6 08:09:08 epicodus-95 loginwindow[91] <Info>: [default] Using legacy implementation for list: <CFString 0x7fff744289a0 [0x7fff73256440]>{contents = "com.apple.LSSharedFileList.SessionLoginItems"}
Dec  6 08:09:08 epicodus-95 loginwindow[91] <Info>: LSSharedFileListCreate Using legacy implementation for list: com.apple.LSSharedFileList.SessionLoginItems
Dec  6 08:09:08 epicodus-95 apsctl[423] <Debug>: not launching apsd because it is already running
Dec  6 08:09:08 epicodus-95 PowerChime[430] <Warning>: PowerChime: chime enabled by hardware: 0
Dec  6 08:09:08 epicodus-95 PowerChime[430] <Warning>: PowerChime disabled - ChimeOnNoHardware default: 0
Dec  6 08:09:08 epicodus-95 AOSHeartbeat[435] <Debug>: LSExceptions [0x7f881070ae70] loaded
Dec  6 08:09:08 epicodus-95 NotificationCenter[425] <Debug>: LSExceptions [0x7f8cf2d12af0] loaded
Dec  6 08:09:08 epicodus-95 Spotlight[416] <Debug>: LSExceptions [0x7ffc897140e0] loaded
Dec  6 08:09:08 epicodus-95 Dock[402] <Info>: [default] Using modern implementation for list: <CFString 0x7fff74428bc0 [0x7fff73256440]>{contents = "com.apple.LSSharedFileList.ApplicationRecentDocuments"}
Dec  6 08:09:08 epicodus-95 Dock[402] <Info>: LSSharedFileListCreate Using modern implementation for list: com.apple.LSSharedFileList.ApplicationRecentDocuments
Dec  6 08:09:08 epicodus-95 Dock[402] <Info>: [default] List identifier: com.apple.LSSharedFileList.ApplicationRecentDocuments/com.apple.Terminal
Dec  6 08:09:08 epicodus-95 Dock[402] <Info>: -[SFLListManager listWithIdentifier:] List identifier: com.apple.LSSharedFileList.ApplicationRecentDocuments/com.apple.Terminal
Dec  6 08:09:08 epicodus-95 Dock[402] <Info>: [default] Allocated list: com.apple.LSSharedFileList.ApplicationRecentDocuments/com.apple.Terminal : <SFLList: 0x7fdb13640f40>
Dec  6 08:09:08 epicodus-95 Dock[402] <Info>: __37-[SFLListManager listWithIdentifier:]_block_invoke Allocated list: com.apple.LSSharedFileList.ApplicationRecentDocuments/com.apple.Terminal : <SFLList: 0x7fdb13640f40>
Dec  6 08:09:08 epicodus-95 sharedfilelistd[397] <Info>: [default] <CFString 0x7fd838c1e550 [0x7fff73256440]>{contents = "com.apple.dock"}[402] subscribed to list <CFString 0x7fd838c2b890 [0x7fff73256440]>{contents = "com.apple.LSSharedFileList.ApplicationRecentDocuments/com.apple.Terminal"}
Dec  6 08:09:08 epicodus-95 sharedfilelistd[397] <Info>: -[ConnectedProcess(SFLServiceProtocol) subscribeToListWithIdentifier:reply:] com.apple.dock[402] subscribed to list com.apple.LSSharedFileList.ApplicationRecentDocuments/com.apple.Terminal
Dec  6 08:09:08 epicodus-95 AOSHeartbeat[435] <Info>: [default] Using modern implementation for list: <CFString 0x7fff74428bc0 [0x7fff73256440]>{contents = "com.apple.LSSharedFileList.ApplicationRecentDocuments"}
Dec  6 08:09:08 epicodus-95 AOSHeartbeat[435] <Info>: LSSharedFileListCreate Using modern implementation for list: com.apple.LSSharedFileList.ApplicationRecentDocuments
Dec  6 08:09:08 epicodus-95 sharedfilelistd[397] <Info>: [default] [com.apple.LSSharedFileList.ApplicationRecentDocuments/com.apple.terminal] Reading list content from the store.
Dec  6 08:09:08 epicodus-95 sharedfilelistd[397] <Info>: __56-[ListStore readListWithConfiguration:properties:items:]_block_invoke [com.apple.LSSharedFileList.ApplicationRecentDocuments/com.apple.terminal] Reading list content from the store.
Dec  6 08:09:08 epicodus-95 sharedfilelistd[397] <Info>: [default] SharedFileList com.apple.LSSharedFileList.ApplicationRecentDocuments/com.apple.terminal failed to load.
Dec  6 08:09:08 epicodus-95 AOSHeartbeat[435] <Info>: [default] List identifier: <CFString 0x7fff74428bc0 [0x7fff73256440]>{contents = "com.apple.LSSharedFileList.ApplicationRecentDocuments"}
Dec  6 08:09:08 epicodus-95 sharedfilelistd[397] <Info>: __56-[ListStore readListWithConfiguration:properties:items:]_block_invoke SharedFileList com.apple.LSSharedFileList.ApplicationRecentDocuments/com.apple.terminal failed to load.
Dec  6 08:09:08 epicodus-95 sharedfilelistd[397] <Info>: [default] SharedFileList com.apple.LSSharedFileList.ApplicationRecentDocuments/com.apple.terminal importing from CFPrefs <CFString 0x7fd838c12f20 [0x7fff73256440]>{contents = "com.apple.terminal.LSSharedFileList"} name <CFString 0x7fd838c2bc30 [0x7fff73256440]>{contents = "RecentDocuments"}
Dec  6 08:09:08 epicodus-95 sharedfilelistd[397] <Info>: -[ListStore readListWithConfiguration:properties:items:] SharedFileList com.apple.LSSharedFileList.ApplicationRecentDocuments/com.apple.terminal importing from CFPrefs com.apple.terminal.LSSharedFileList name RecentDocuments
Dec  6 08:09:08 epicodus-95 AOSHeartbeat[435] <Info>: [default] Using modern implementation for list: <CFString 0x7fff74428bc0 [0x7fff73256440]>{contents = "com.apple.LSSharedFileList.ApplicationRecentDocuments"}
Dec  6 08:09:08 epicodus-95 AOSHeartbeat[435] <Info>: LSSharedFileListCreate Using modern implementation for list: com.apple.LSSharedFileList.ApplicationRecentDocuments
